lcd_source.c:460:12:sunxi_lcd_dsi_gen_short_read	4	static
lcd_source.c:21:5:sunxi_lcd_delay_ms	0	static
lcd_source.c:34:5:sunxi_lcd_delay_us	0	static
lcd_source.c:47:6:sunxi_lcd_tcon_enable	0	static
lcd_source.c:62:6:sunxi_lcd_dsi_mode_switch	0	static
lcd_source.c:73:6:sunxi_lcd_tcon_disable	0	static
lcd_source.c:86:6:sunxi_lcd_backlight_enable	0	static
lcd_source.c:99:6:sunxi_lcd_backlight_disable	0	static
lcd_source.c:113:6:sunxi_lcd_power_enable	0	static
lcd_source.c:127:6:sunxi_lcd_power_disable	0	static
lcd_source.c:142:5:sunxi_lcd_pwm_enable	0	static
lcd_source.c:155:5:sunxi_lcd_pwm_disable	0	static
lcd_source.c:168:5:sunxi_lcd_cpu_set_auto_mode	0	static
lcd_source.c:184:5:sunxi_lcd_cpu_write	0	static
lcd_source.c:198:5:sunxi_lcd_cpu_write_index	0	static
lcd_source.c:212:5:sunxi_lcd_cpu_write_data	0	static
lcd_source.c:228:5:sunxi_lcd_dsi_dcs_write	4	static
lcd_source.c:242:5:sunxi_lcd_dsi_dcs_write_0para	16	static
lcd_source.c:257:5:sunxi_lcd_dsi_dcs_write_1para	16	static
lcd_source.c:267:5:sunxi_lcd_dsi_dcs_write_2para	16	static
lcd_source.c:278:5:sunxi_lcd_dsi_dcs_write_3para	16	static
lcd_source.c:290:5:sunxi_lcd_dsi_dcs_write_4para	16	static
lcd_source.c:303:5:sunxi_lcd_dsi_dcs_write_5para	16	static
lcd_source.c:317:5:sunxi_lcd_dsi_dcs_write_6para	16	static
lcd_source.c:340:5:sunxi_lcd_dsi_gen_write	4	static
lcd_source.c:354:5:sunxi_lcd_dsi_gen_write_0para	16	static
lcd_source.c:369:5:sunxi_lcd_dsi_gen_write_1para	16	static
lcd_source.c:379:5:sunxi_lcd_dsi_gen_write_2para	16	static
lcd_source.c:390:5:sunxi_lcd_dsi_gen_write_3para	16	static
lcd_source.c:402:5:sunxi_lcd_dsi_gen_write_4para	16	static
lcd_source.c:415:5:sunxi_lcd_dsi_gen_write_5para	16	static
lcd_source.c:433:5:sunxi_lcd_dsi_clk_enable	0	static
lcd_source.c:446:5:sunxi_lcd_dsi_clk_disable	0	static
lcd_source.c:477:5:sunxi_lcd_dsi_set_max_ret_size	0	static
lcd_source.c:494:5:sunxi_lcd_dsi_dcs_read	4	static
lcd_source.c:508:5:sunxi_lcd_dsi_gen_short_read0p	16	static
lcd_source.c:521:5:sunxi_lcd_dsi_gen_short_read1p	16	static
lcd_source.c:537:5:sunxi_lcd_dsi_gen_short_read2p	16	static
lcd_source.c:552:5:sunxi_lcd_set_panel_funs	0	static
lcd_source.c:566:5:sunxi_lcd_pin_cfg	0	static
lcd_source.c:581:5:sunxi_lcd_gpio_set_value	0	static
lcd_source.c:596:5:sunxi_lcd_gpio_set_direction	0	static
