sunxi_flash.c:28:5:sunxi_flash_read	0	static
sunxi_flash.c:33:5:sunxi_flash_write	0	static
sunxi_flash.c:38:5:sunxi_flash_flush	0	static
sunxi_flash.c:43:5:sunxi_flash_erase	0	static
sunxi_flash.c:48:5:sunxi_flash_force_erase	0	static
sunxi_flash.c:53:5:sunxi_flash_phyread	0	static
sunxi_flash.c:561:22:sunxi_block_read	24	static
sunxi_flash.c:58:5:sunxi_flash_phywrite	0	static
sunxi_flash.c:575:22:sunxi_block_write	24	static
sunxi_flash.c:63:6:sunxi_flash_size	0	static
sunxi_flash.c:610:12:sunxi_flash_get_dev	16	static
sunxi_flash.c:68:5:sunxi_secstorage_read	0	static
sunxi_flash.c:73:5:sunxi_secstorage_write	0	static
sunxi_flash.c:78:5:sunxi_flash_download_spl	0	static
sunxi_flash.c:83:5:sunxi_flash_download_toc	0	static
sunxi_flash.c:88:5:sunxi_flash_init	8	static
sunxi_flash.c:94:5:sunxi_flash_exit	0	static
sunxi_flash.c:99:5:sunxi_flash_write_end	0	static
sunxi_flash.c:109:5:sunxi_flash_erase_area	0	static
sunxi_flash.c:117:5:sunxi_sprite_read	0	static
sunxi_flash.c:122:5:sunxi_sprite_write	0	static
sunxi_flash.c:127:5:sunxi_sprite_flush	0	static
sunxi_flash.c:132:5:sunxi_sprite_erase	0	static
sunxi_flash.c:137:5:sunxi_sprite_force_erase	0	static
sunxi_flash.c:142:5:sunxi_sprite_phyread	0	static
sunxi_flash.c:147:5:sunxi_sprite_phywrite	0	static
sunxi_flash.c:152:5:sunxi_sprite_phyerase	0	static
sunxi_flash.c:157:6:sunxi_sprite_size	0	static
sunxi_flash.c:162:5:sunxi_sprite_secstorage_read	0	static
sunxi_flash.c:167:5:sunxi_sprite_secstorage_write	0	static
sunxi_flash.c:173:5:sunxi_sprite_download_spl	0	static
sunxi_flash.c:178:5:sunxi_sprite_download_toc	0	static
sunxi_flash.c:183:5:sunxi_sprite_init	0	static
sunxi_flash.c:188:5:sunxi_sprite_exit	0	static
sunxi_flash.c:193:5:sunxi_sprite_write_end	0	static
sunxi_flash.c:203:5:sunxi_sprite_erase_area	0	static
sunxi_flash.c:213:5:sunxi_flash_boot_init	8	static
sunxi_flash.c:270:5:sunxi_flash_probe	16	static
sunxi_flash.c:317:5:sunxi_flash_init_ext	16	static
sunxi_flash.c:343:5:sunxi_flash_upload_boot0	16	static
sunxi_flash.c:369:5:sunxi_flash_get_boot0_size	16	static
sunxi_flash.c:400:5:sunxi_flash_update_boot0	16	static
