sprite_card.c:256:12:__download_normal_part	64	static
sprite_card.c:65:10:sprite_card_firmware_start	0	static
sprite_card.c:85:5:sprite_card_firmware_probe	8	static
sprite_card.c:111:5:sprite_card_fetch_download_map	16	static
sprite_card.c:145:5:sprite_card_fetch_mbr	24	static
sprite_card.c:693:5:sunxi_sprite_deal_part	64	static
sprite_card.c:802:5:sunxi_sprite_deal_uboot	24	static
sprite_card.c:863:5:sunxi_sprite_deal_boot0	24	static
sprite_card.c:916:5:sunxi_sprite_deal_recorvery_boot	5242896	static
sprite_card.c:1010:5:card_verify_uboot	24	static
sprite_card.c:1093:5:card_download_uboot	16	static
sprite_card.c:1136:5:card_verify_boot0	24	static
sprite_card.c:1212:5:card_erase_boot0	24	static
sprite_card.c:1340:5:card_download_standard_mbr	528	static
sprite_card.c:1455:5:card_erase	64	static
sprite_card.c:1582:5:sunxi_card_fill_boot0_magic	33808	static
sprite_card.c:1638:5:sunxi_sprite_deal_part_from_sysrevoery	32	static
sprite_card.c:1701:5:__imagehd	0	static
