ndfc_base.c:318:5:ndfc_get_version	0	static
ndfc_base.c:333:5:gen_rand_num	32	static
ndfc_base.c:379:5:wait_reg_status_half_us	16	static
ndfc_base.c:403:5:wait_reg_status	24	static
ndfc_base.c:428:6:ndfc_print_dma	24	static
ndfc_base.c:443:6:ndfc_print_random	24	static
ndfc_base.c:458:5:_cal_random_seed	0	static
ndfc_base.c:470:6:_set_addr	20	static
ndfc_base.c:493:6:ndfc_disable_ecc	0	static
ndfc_base.c:507:6:ndfc_enable_ecc	0	static
ndfc_base.c:536:6:ndfc_enable_ldpc_ecc	0	static
ndfc_base.c:549:6:ndfc_repeat_mode_enable	0	static
ndfc_base.c:568:6:ndfc_repeat_mode_disable	0	static
ndfc_base.c:587:5:ndfc_wait_cmdfifo_free	16	static
ndfc_base.c:606:5:ndfc_wait_fsm_ready	8	static
ndfc_base.c:624:5:ndfc_wait_cmd_finish	16	static
ndfc_base.c:649:6:ndfc_select_chip	16	static
ndfc_base.c:727:6:ndfc_select_rb	16	static
ndfc_base.c:759:5:ndfc_get_selected_rb_no	0	static
ndfc_base.c:771:5:ndfc_get_rb_sta	0	static
ndfc_base.c:794:5:ndfc_get_page_size	0	static
ndfc_base.c:806:5:ndfc_set_page_size	0	static
ndfc_base.c:824:6:ndfc_set_ecc_mode	0	static
ndfc_base.c:840:6:ndfc_boot0_ldpc_mode	0	static
ndfc_base.c:868:6:ndfc_enable_encode	0	static
ndfc_base.c:888:6:ndfc_enable_decode	0	static
ndfc_base.c:916:5:ndfc_get_ecc_mode	0	static
ndfc_base.c:928:6:ndfc_set_rand_seed	0	static
ndfc_base.c:947:6:ndfc_set_new_rand_seed	16	static
ndfc_base.c:970:6:ndfc_set_default_rand_seed	0	static
ndfc_base.c:987:6:ndfc_enable_randomize	0	static
ndfc_base.c:1003:6:ndfc_disable_randomize	0	static
ndfc_base.c:1021:6:ndfc_enable_rb_b2r_int	0	static
ndfc_base.c:1037:6:ndfc_disable_rb_b2r_int	0	static
ndfc_base.c:1052:6:ndfc_clear_rb_b2r_int	0	static
ndfc_base.c:1063:5:ndfc_get_rb_b2r_int_sta	0	static
ndfc_base.c:1074:5:ndfc_check_rb_b2r_int_occur	0	static
ndfc_base.c:1086:6:ndfc_enable_cmd_int	0	static
ndfc_base.c:1102:6:ndfc_disable_cmd_int	0	static
ndfc_base.c:1117:6:ndfc_clear_cmd_int	0	static
ndfc_base.c:1132:5:ndfc_get_cmd_int_sta	0	static
ndfc_base.c:1143:5:ndfc_check_cmd_int_occur	0	static
ndfc_base.c:1156:6:ndfc_enable_dma_int	0	static
ndfc_base.c:1171:6:ndfc_disable_dma_int	0	static
ndfc_base.c:1186:6:ndfc_clear_dma_int	0	static
ndfc_base.c:1198:5:ndfc_get_dma_int_sta	0	static
ndfc_base.c:1209:5:ndfc_check_dma_int_occur	0	static
ndfc_base.c:1222:5:ndfc_wait_rb_ready_int	16	static
ndfc_base.c:1267:5:ndfc_wait_rb_ready	0	static
ndfc_base.c:1289:5:ndfc_wait_all_rb_ready	16	static
ndfc_base.c:1307:5:ndfc_write_wait_rb_ready	0	static
ndfc_base.c:1323:5:ndfc_change_page_size	8	static
ndfc_base.c:1363:5:_normal_cmd_io_send	16	static
ndfc_base.c:1545:6:ndfc_clean_cmd_seq	0	static
ndfc_base.c:1558:6:print_cmd_seq	32	static
ndfc_base.c:1647:5:ndfc_get_spare_data	16	static
ndfc_base.c:1678:5:ndfc_set_spare_data	16	static
ndfc_base.c:1702:5:ndfc_set_user_data_len	16	static
ndfc_base.c:1726:5:ndfc_set_user_data_len_cfg	56	static
ndfc_base.c:1764:5:ndfc_set_user_data_len_cfg_4bytesper1k	12	static
ndfc_base.c:1790:5:ndfc_is_toggle_interface	0	static
ndfc_base.c:1807:5:ndfc_set_legacy_interface	0	static
ndfc_base.c:1825:5:ndfc_set_toggle_interface	0	static
ndfc_base.c:1842:5:ndfc_set_dummy_byte	0	static
ndfc_base.c:1861:6:ndfc_enable_dummy_byte	0	static
ndfc_base.c:1877:6:ndfc_disable_dummy_byte	0	static
ndfc_base.c:1893:6:ndfc_get_nand_interface	16	static
ndfc_base.c:1920:5:ndfc_change_nand_interface	16	static
ndfc_base.c:1964:6:ndfc_emce_ctrl_setting	0	static
ndfc_base.c:1979:6:ndfc_emce_fac_compare_value_setting	0	static
ndfc_base.c:1991:6:ndfc_emce_calculate_factor_setting_for_serial_addr	12	static
ndfc_base.c:2013:6:ndfc_emce_calculate_factor_setting	12	static
ndfc_base.c:2033:6:_set_ndfc_def_timing_param	16	static
ndfc_base.c:2095:5:ndfc_wait_dma_end	32	static
ndfc_base.c:1433:5:_normal_cmd_io_wait	24	static
ndfc_base.c:1484:5:_batch_cmd_io_wait	24	static
ndfc_base.c:1593:5:ndfc_execute_cmd	24	static
ndfc_base.c:2157:5:ndfc_check_read_data_sta	16	static
ndfc_base.c:2197:5:ndfc_get_bad_blk_flag	40	static
ndfc_base.c:2253:5:ndfc_check_ecc	64	static
ndfc_base.c:2321:5:ndfc_update_ecc_sta_and_spare_data	32	static
ndfc_base.c:2384:6:do_nand_interrupt	16	static
