disp_sys_intf.c:30:6:mutex_destroy	0	static
disp_sys_intf.c:55:6:disp_sys_cache_flush	0	static
disp_sys_intf.c:110:5:disp_sys_register_irq	8	static
disp_sys_intf.c:138:6:disp_sys_unregister_irq	0	static
disp_sys_intf.c:161:6:disp_sys_enable_irq	0	static
disp_sys_intf.c:184:6:disp_sys_disable_irq	0	static
disp_sys_intf.c:189:6:tasklet_init	0	static
disp_sys_intf.c:201:6:tasklet_schedule	0	static
disp_sys_intf.c:238:6:disp_fdt_init	16	static
disp_sys_intf.c:249:6:disp_fdt_nodeoffset	24	static
disp_sys_intf.c:268:5:disp_sys_script_get_item	80	static
disp_sys_intf.c:323:5:disp_sys_get_ic_ver	0	static
disp_sys_intf.c:328:5:disp_sys_gpio_request	64	static
disp_sys_intf.c:346:5:disp_sys_gpio_request_simple	64	static
disp_sys_intf.c:363:5:disp_sys_gpio_release	8	static
disp_sys_intf.c:374:5:disp_sys_gpio_set_direction	0	static
disp_sys_intf.c:379:5:disp_sys_gpio_get_value	0	static
disp_sys_intf.c:384:5:disp_sys_gpio_set_value	0	static
disp_sys_intf.c:390:5:disp_sys_pin_set_state	8	static
disp_sys_intf.c:405:5:disp_sys_power_enable	16	static
disp_sys_intf.c:422:5:disp_sys_power_disable	16	static
disp_sys_intf.c:437:11:disp_sys_pwm_request	8	static
disp_sys_intf.c:443:5:disp_sys_pwm_free	0	static
disp_sys_intf.c:448:5:disp_sys_pwm_enable	0	static
disp_sys_intf.c:458:5:disp_sys_pwm_disable	8	static
disp_sys_intf.c:467:5:disp_sys_pwm_config	0	static
disp_sys_intf.c:476:5:disp_sys_pwm_set_polarity	0	static
