sunxi_smc_v2.c:269:13:smc_readl_normal	0	static
sunxi_smc_v2.c:273:13:smc_writel_normal	0	static
sunxi_smc_v2.c:58:5:sunxi_smc_call_optee	64	static
sunxi_smc_v2.c:69:5:sunxi_smc_call_atf	0	static
sunxi_smc_v2.c:75:5:sunxi_smc_call	0	static
sunxi_smc_v2.c:85:5:arm_svc_set_cpu_on	0	static
sunxi_smc_v2.c:90:5:arm_svc_set_cpu_off	0	static
sunxi_smc_v2.c:96:5:sunxi_smc_set_cpu_entry	48	static
sunxi_smc_v2.c:105:5:sunxi_smc_set_cpu_off	48	static
sunxi_smc_v2.c:114:5:arm_svc_version	16	static
sunxi_smc_v2.c:127:5:arm_svc_call_count	0	static
sunxi_smc_v2.c:132:5:arm_svc_uuid	0	static
sunxi_smc_v2.c:137:5:arm_svc_run_os	0	static
sunxi_smc_v2.c:142:5:arm_svc_read_sec_reg	0	static
sunxi_smc_v2.c:147:5:arm_svc_write_sec_reg	8	static
sunxi_smc_v2.c:153:5:arm_svc_arisc_startup	0	static
sunxi_smc_v2.c:158:5:arm_svc_arisc_wait_ready	0	static
sunxi_smc_v2.c:163:5:arm_svc_arisc_fake_poweroff	0	static
sunxi_smc_v2.c:168:5:arm_svc_fake_poweroff	0	static
sunxi_smc_v2.c:173:5:arm_svc_arisc_read_pmu	0	static
sunxi_smc_v2.c:178:5:arm_svc_arisc_write_pmu	0	static
sunxi_smc_v2.c:183:5:arm_svc_efuse_read	0	static
sunxi_smc_v2.c:219:5:arm_svc_efuse_write	0	static
sunxi_smc_v2.c:257:5:arm_svc_probe_secure_mode	0	static
sunxi_smc_v2.c:263:5:arm_svc_customer_encrypt	0	static
sunxi_smc_v2.c:283:5:smc_readl	0	static
sunxi_smc_v2.c:288:6:smc_writel	0	static
sunxi_smc_v2.c:293:5:smc_efuse_readl	8	static
sunxi_smc_v2.c:299:5:smc_efuse_writel	8	static
sunxi_smc_v2.c:305:5:smc_tee_get_os_revision	56	static
sunxi_smc_v2.c:316:5:smc_tee_get_sunxi_call_offset	16	static
sunxi_smc_v2.c:329:5:smc_init	8	static
sunxi_smc_v2.c:352:5:smc_tee_ssk_encrypt	88	static
sunxi_smc_v2.c:390:5:smc_tee_ssk_decrypt	72	static
sunxi_smc_v2.c:425:5:smc_tee_rssk_encrypt	80	static
sunxi_smc_v2.c:464:5:smc_aes_rssk_decrypt_to_keysram	64	static
sunxi_smc_v2.c:494:5:smc_aes_algorithm	88	static
sunxi_smc_v2.c:545:5:smc_tee_keybox_store	72	static
sunxi_smc_v2.c:587:5:smc_tee_probe_drm_configure	56	static
sunxi_smc_v2.c:603:5:smc_tee_check_hash	64	static
