nand_secure_storage.c:16:14:NAND_Get_SecureBlock_Start	0	static
nand_secure_storage.c:65:5:nand_is_support_secure_storage	0	static
nand_secure_storage.c:122:5:nand_secure_storage_clean_data	8	static
nand_secure_storage.c:138:5:nand_secure_storage_clean	8	static
nand_secure_storage.c:151:5:is_nand_secure_storage_build	0	static
nand_secure_storage.c:168:5:is_nand_secure_storage_block	80	static
nand_secure_storage.c:325:5:get_nand_secure_storage_max_item	8	static
nand_secure_storage.c:342:14:nand_secure_check_sum	0	static
nand_secure_storage.c:364:5:nand_secure_storage_read_one	104	static
nand_secure_storage.c:79:5:nand_secure_storage_write_init	104	static
nand_secure_storage.c:261:5:nand_secure_storage_first_build	24	static
nand_secure_storage.c:413:5:nand_secure_storage_read	40	static
nand_secure_storage.c:574:5:nand_secure_storage_check	32	static
nand_secure_storage.c:631:5:nand_secure_storage_repair	16	static
nand_secure_storage.c:664:5:nand_secure_storage_update	16	static
nand_secure_storage.c:198:5:nand_secure_storage_init	32	static
nand_secure_storage.c:481:5:nand_secure_storage_write	128	static
nand_secure_storage.c:698:5:nand_secure_storage_test	40	static
nand_secure_storage.c:744:5:nand_secure_storage_test_read	40	static
