nand_physic_interface.c:840:12:nand_chips_init	0	static
nand_physic_interface.c:852:13:nand_chips_cleanup	0	static
nand_physic_interface.c:877:12:nand_chips_super_resume	0	static
nand_physic_interface.c:865:12:nand_chips_super_standby	0	static
nand_physic_interface.c:61:7:get_storage_type_from_init	0	static
nand_physic_interface.c:73:20:NandHwInit	8	static
nand_physic_interface.c:100:5:NandHwExit	8	static
nand_physic_interface.c:123:5:NandHwSuperStandby	8	static
nand_physic_interface.c:142:5:NandHwSuperResume	8	static
nand_physic_interface.c:162:5:NandHwNormalStandby	8	static
nand_physic_interface.c:181:5:NandHwNormalResume	8	static
nand_physic_interface.c:200:5:NandHwShutDown	8	static
nand_physic_interface.c:220:7:nand_get_channel_base_addr	8	static
nand_physic_interface.c:240:5:NAND_GetLogicPageSize	0	static
nand_physic_interface.c:256:5:nand_physic_erase_block	16	static
nand_physic_interface.c:273:5:nand_physic_read_boot0_page	32	static
nand_physic_interface.c:288:5:nand_physic_read_page	32	static
nand_physic_interface.c:304:5:nand_physic_write_page	32	static
nand_physic_interface.c:320:5:nand_physic_bad_block_check	16	static
nand_physic_interface.c:336:5:nand_physic_bad_block_mark	16	static
nand_physic_interface.c:352:5:nand_physic_block_copy	24	static
nand_physic_interface.c:368:5:read_virtual_page	32	static
nand_physic_interface.c:384:5:write_virtual_page	32	static
nand_physic_interface.c:400:5:erase_virtual_block	16	static
nand_physic_interface.c:416:5:virtual_badblock_check	16	static
nand_physic_interface.c:432:5:virtual_badblock_mark	16	static
nand_physic_interface.c:441:7:nand_get_lsb_block_size	8	static
nand_physic_interface.c:450:7:nand_get_lsb_pages	8	static
nand_physic_interface.c:459:7:nand_get_phy_block_size	8	static
nand_physic_interface.c:468:7:nand_used_lsb_pages	8	static
nand_physic_interface.c:477:5:nand_get_pageno	8	static
nand_physic_interface.c:486:7:nand_get_page_cnt_per_block	8	static
nand_physic_interface.c:495:7:nand_get_pae_size	8	static
nand_physic_interface.c:504:7:nand_get_twoplane_flag	8	static
nand_physic_interface.c:513:14:nand_get_muti_program_flag	8	static
nand_physic_interface.c:526:14:nand_get_support_v_interleave_flag	8	static
nand_physic_interface.c:539:7:nand_get_chip_name	8	static
nand_physic_interface.c:553:6:nand_get_chip_id	16	static
nand_physic_interface.c:566:14:nand_get_chip_die_cnt	8	static
nand_physic_interface.c:580:5:nand_get_chip_page_size	8	static
nand_physic_interface.c:594:5:nand_get_chip_block_size	8	static
nand_physic_interface.c:608:5:nand_get_chip_die_size	8	static
nand_physic_interface.c:622:20:nand_get_chip_opt	8	static
nand_physic_interface.c:636:14:nand_get_chip_ddr_opt	8	static
nand_physic_interface.c:649:14:nand_get_chip_ecc_mode	8	static
nand_physic_interface.c:663:14:nand_get_chip_freq	8	static
nand_physic_interface.c:677:14:nand_get_chip_cnt	8	static
nand_physic_interface.c:691:14:nand_get_chip_multi_plane_block_offset	8	static
nand_physic_interface.c:705:14:nand_get_super_chip_cnt	8	static
nand_physic_interface.c:724:14:nand_get_super_chip_page_size	8	static
nand_physic_interface.c:743:14:nand_get_super_chip_spare_size	8	static
nand_physic_interface.c:761:14:nand_get_super_chip_block_size	8	static
nand_physic_interface.c:780:14:nand_get_super_chip_pages_offset_to_block	8	static
nand_physic_interface.c:799:14:nand_get_support_dual_channel	8	static
nand_physic_interface.c:818:14:nand_get_super_chip_size	8	static
