nand_boot.c:47:5:nand_write_boot0_one	16	static
nand_boot.c:66:5:nand_read_boot0_one	16	static
nand_boot.c:85:5:nand_write_nboot_data	24	static
nand_boot.c:107:5:nand_read_nboot_data	24	static
nand_boot.c:135:5:check_nboot_table	0	static
nand_boot.c:147:5:nand_check_nboot	40	static
nand_boot.c:251:5:nand_read_uboot_one	16	static
nand_boot.c:272:5:nand_read_uboot_data	24	static
nand_boot.c:417:5:nand_get_nboot_total_len	0	static
nand_boot.c:431:5:nand_get_param	8	static
nand_boot.c:450:5:nand_get_param_for_uboottail	8	static
nand_boot.c:469:5:NAND_UpdatePhyArch	8	static
nand_boot.c:488:5:nand_erase_chip	24	static
nand_boot.c:507:6:nand_erase_special_block	8	static
nand_boot.c:522:5:nand_uboot_erase_all_chip	8	static
nand_boot.c:540:5:nand_dragonborad_test_one	16	static
nand_boot.c:559:5:get_default_uboot_block	16	static
nand_boot.c:607:5:set_uboot_start_and_end_block	16	static
nand_boot.c:628:5:get_uboot_start_block	16	static
nand_boot.c:648:5:get_uboot_next_block	16	static
nand_boot.c:668:5:get_physic_block_reserved	0	static
nand_boot.c:687:6:print_uboot_info	16	static
nand_boot.c:800:5:init_phyinfo_buf	8	static
nand_boot.c:817:5:get_uboot_offset	0	static
nand_boot.c:831:5:is_uboot_magic	0	static
nand_boot.c:849:5:check_magic_physic_info	8	static
nand_boot.c:876:5:check_sum_physic_info	20	static
nand_boot.c:918:14:cal_sum_physic_info	16	static
nand_boot.c:203:5:nand_write_uboot_one	24	static
nand_boot.c:229:5:nand_write_uboot_data	40	static
nand_boot.c:298:5:nand_check_uboot	280	static
nand_boot.c:951:5:physic_info_get_offset	104	static
nand_boot.c:1022:5:physic_info_get_one_copy	24	static
nand_boot.c:1041:5:clean_physic_info	8	static
nand_boot.c:1140:5:is_phyinfo_empty	8	static
nand_boot.c:1162:5:add_len_to_uboot_tail	8	static
nand_boot.c:1181:5:print_physic_info	16	static
nand_boot.c:1201:5:physic_info_add_to_uboot_tail	16	static
nand_boot.c:1235:14:is_uboot_block	88	static
nand_boot.c:713:5:uboot_info_init	48	static
nand_boot.c:396:5:nand_get_uboot_total_len	8	static
nand_boot.c:1056:5:nand_physic_info_read	40	static
