nand_weak.c:13:36:spinand_nftl_get_super_page_size	0	static
nand_weak.c:17:36:spinand_nftl_get_super_block_size	0	static
nand_weak.c:21:36:spinand_nftl_get_single_page_size	0	static
nand_weak.c:25:36:spinand_nftl_get_single_block_size	0	static
nand_weak.c:29:36:spinand_nftl_get_chip_size	0	static
nand_weak.c:33:36:spinand_nftl_get_die_size	0	static
nand_weak.c:37:36:spinand_nftl_get_die_cnt	0	static
nand_weak.c:41:36:spinand_nftl_get_chip_cnt	0	static
nand_weak.c:45:36:spinand_nftl_get_max_erase_times	0	static
nand_weak.c:49:36:spinand_nftl_get_multi_plane_flag	0	static
nand_weak.c:53:36:spinand_nftl_get_operation_opt	0	static
nand_weak.c:57:28:spinand_nftl_get_chip_id	0	static
nand_weak.c:61:27:spinand_nftl_read_super_page	0	static
nand_weak.c:68:27:spinand_nftl_write_super_page	0	static
nand_weak.c:74:27:spinand_nftl_erase_super_block	0	static
nand_weak.c:79:27:spinand_nftl_super_badblock_check	0	static
nand_weak.c:84:27:spinand_nftl_super_badblock_mark	0	static
nand_weak.c:90:27:spinand_nftl_read_single_page	0	static
nand_weak.c:97:27:spinand_nftl_write_single_page	0	static
nand_weak.c:103:27:spinand_nftl_erase_single_block	0	static
nand_weak.c:109:27:spinand_nftl_single_block_copy	0	static
nand_weak.c:114:27:spinand_nftl_single_badblock_check	0	static
nand_weak.c:119:27:spinand_nftl_single_badblock_mark	0	static
nand_weak.c:125:42:spinand_hardware_init	0	static
nand_weak.c:130:27:spinand_hardware_exit	0	static
nand_weak.c:135:36:spinand_lsb_page_cnt_per_block	0	static
nand_weak.c:140:36:spinand_get_page_num	0	static
nand_weak.c:145:27:spinand_write_boot0_one	0	static
nand_weak.c:151:27:spinand_read_boot0_one	0	static
nand_weak.c:157:27:spinand_read_uboot_one	0	static
nand_weak.c:163:27:spinand_write_uboot_one	0	static
nand_weak.c:170:27:spinand_get_param	0	static
nand_weak.c:175:27:spinand_get_param_for_uboottail	0	static
nand_weak.c:180:27:SPINAND_UpdatePhyArch	0	static
nand_weak.c:185:27:spinand_erase_chip	0	static
nand_weak.c:192:28:spinand_erase_special_block	0	static
nand_weak.c:197:27:spinand_uboot_erase_all_chip	0	static
nand_weak.c:202:27:spinand_dragonborad_test_one	0	static
nand_weak.c:208:27:spinand_physic_info_get_one_copy	0	static
nand_weak.c:215:27:spinand_add_len_to_uboot_tail	0	static
nand_weak.c:220:42:RawNandHwInit	0	static
nand_weak.c:225:27:RawNandHwExit	0	static
nand_weak.c:230:27:RawNandHwSuperStandby	0	static
nand_weak.c:235:27:RawNandHwSuperResume	0	static
nand_weak.c:240:27:RawNandHwNormalStandby	0	static
nand_weak.c:245:27:RawNandHwNormalResume	0	static
nand_weak.c:250:27:RawNandHwShutDown	0	static
nand_weak.c:255:27:rawnand_physic_erase_block	0	static
nand_weak.c:260:27:rawnand_physic_read_page	0	static
nand_weak.c:265:27:rawnand_physic_write_page	0	static
nand_weak.c:270:27:rawnand_physic_bad_block_check	0	static
nand_weak.c:275:27:rawnand_physic_bad_block_mark	0	static
nand_weak.c:280:27:rawnand_physic_block_copy	0	static
nand_weak.c:285:27:rawnand_physic_read_super_page	0	static
nand_weak.c:290:27:rawnand_physic_write_super_page	0	static
nand_weak.c:295:27:rawnand_physic_erase_super_block	0	static
nand_weak.c:300:27:rawnand_physic_super_bad_block_check	0	static
nand_weak.c:305:27:rawnand_physic_super_bad_block_mark	0	static
nand_weak.c:310:29:rawnand_get_lsb_block_size	0	static
nand_weak.c:315:29:rawnand_get_lsb_pages	0	static
nand_weak.c:320:29:rawnand_get_phy_block_size	0	static
nand_weak.c:325:29:rawnand_used_lsb_pages	0	static
nand_weak.c:330:27:rawnand_get_pageno	0	static
nand_weak.c:335:29:rawnand_get_page_cnt_per_block	0	static
nand_weak.c:340:29:rawnand_get_pae_size	0	static
nand_weak.c:345:29:rawnand_get_twoplane_flag	0	static
nand_weak.c:350:27:rawnand_write_boot0_one	0	static
nand_weak.c:355:27:rawnand_read_boot0_one	0	static
nand_weak.c:360:27:rawnand_read_uboot_one	0	static
nand_weak.c:365:27:rawnand_write_uboot_one	0	static
nand_weak.c:370:27:rawnand_get_param	0	static
nand_weak.c:375:27:rawnand_get_param_for_uboottail	0	static
nand_weak.c:380:27:RAWNAND_UpdatePhyArch	0	static
nand_weak.c:385:27:rawnand_is_blank	0	static
nand_weak.c:390:27:rawnand_erase_chip	0	static
nand_weak.c:395:28:rawnand_erase_special_block	0	static
nand_weak.c:399:27:rawnand_uboot_erase_all_chip	0	static
nand_weak.c:404:27:rawnand_dragonborad_test_one	0	static
nand_weak.c:409:27:rawnand_physic_info_get_one_copy	0	static
nand_weak.c:414:27:rawnand_add_len_to_uboot_tail	0	static
nand_weak.c:419:27:nand_wait_all_rb_ready	0	static
nand_weak.c:424:28:do_nand_interrupt	0	static
nand_weak.c:429:27:nand_wait_rb_mode	0	static
nand_weak.c:434:27:nand_wait_dma_mode	0	static
