nand_for_uboot.c:53:6:nand_get_mbr	32	static
nand_for_uboot.c:98:5:nand_uboot_init	16	static
nand_for_uboot.c:112:5:nand_uboot_init_force_sprite	8	static
nand_for_uboot.c:118:5:nand_uboot_exit	8	static
nand_for_uboot.c:140:5:nand_uboot_probe	0	static
nand_for_uboot.c:146:6:nand_uboot_read_history	8	static
nand_for_uboot.c:156:6:nand_uboot_read	8	static
nand_for_uboot.c:166:6:nand_uboot_write	8	static
nand_for_uboot.c:175:5:nand_download_boot0	16	static
nand_for_uboot.c:194:5:nand_read_boot0	0	static
nand_for_uboot.c:200:5:nand_write_boot0	16	static
nand_for_uboot.c:214:5:nand_download_uboot	16	static
nand_for_uboot.c:234:5:nand_force_download_uboot	16	static
nand_for_uboot.c:247:5:nand_uboot_erase	0	static
nand_for_uboot.c:253:6:nand_uboot_get_flash_info	0	static
nand_for_uboot.c:258:6:nand_uboot_set_flash_info	0	static
nand_for_uboot.c:263:6:nand_uboot_get_flash_size	0	static
nand_for_uboot.c:268:5:nand_uboot_flush	0	static
