sunxi_dma.c:43:13:sunxi_dma_reg_func	16	static
sunxi_dma.c:67:6:sunxi_dma_init	24	static
sunxi_dma.c:155:7:sunxi_dma_request_from_last	8	static
sunxi_dma.c:170:7:sunxi_dma_request	8	static
sunxi_dma.c:201:5:sunxi_dma_setting	0	static
sunxi_dma.c:228:5:sunxi_dma_start	16	static
sunxi_dma.c:252:5:sunxi_dma_stop	0	static
sunxi_dma.c:264:5:sunxi_dma_querystatus	0	static
sunxi_dma.c:278:5:sunxi_dma_install_int	16	static
sunxi_dma.c:304:5:sunxi_dma_enable_int	8	static
sunxi_dma.c:336:5:sunxi_dma_disable_int	8	static
sunxi_dma.c:370:5:sunxi_dma_free_int	0	static
sunxi_dma.c:117:6:sunxi_dma_exit	24	static
sunxi_dma.c:185:5:sunxi_dma_release	8	static
