mmc.c:1954:12:mmc_set_ios	0	static
mmc.c:1328:12:mmc_set_capacity	32	static
mmc.c:90:12:board_mmc_getwp	0	static
mmc.c:95:5:mmc_getwp	8	static
mmc.c:111:12:board_mmc_getcd	0	static
mmc.c:186:13:mmc_mode_name	0	static
mmc.c:249:5:mmc_send_cmd	0	static
mmc.c:426:12:mmc_read_blocks	64	static
mmc.c:610:12:mmc_go_idle	40	static
mmc.c:2935:12:mmc_send_if_cond	40	static
mmc.c:773:12:mmc_send_op_cond_iter	40	static
mmc.c:794:12:mmc_send_op_cond	16	static
mmc.c:815:12:mmc_complete_op_cond	16	static
mmc.c:693:12:sd_send_op_cond.constprop	56	static
mmc.c:261:5:mmc_send_status	56	static
mmc.c:306:5:mmc_set_blocklen	48	static
mmc.c:338:5:mmc_send_manual_stop	48	static
mmc.c:862:5:mmc_send_ext_csd	56	static
mmc.c:886:5:mmc_decode_ext_csd	16	static
mmc.c:968:5:mmc_switch	48	static
mmc.c:2509:12:mmc_startup_v4	624	static
mmc.c:997:5:mmc_mmc_switch_to_ds	16	static
mmc.c:1022:5:mmc_mmc_switch_to_hs	16	static
mmc.c:1047:5:mmc_mmc_switch_to_hs200	16	static
mmc.c:1072:5:mmc_mmc_switch_to_hs400	16	static
mmc.c:1126:5:mmc_mmc_switch_speed_mode	8	static
mmc.c:1388:5:mmc_switch_part	24	static
mmc.c:1413:5:mmc_hwpart_config	640	static
mmc.c:1609:5:mmc_getcd	8	static
mmc.c:1965:5:mmc_set_clock	4	static
mmc.c:1981:5:mmc_set_bus_width	0	static
mmc.c:1149:5:mmc_mmc_switch_bus_width	24	static
mmc.c:1202:5:mmc_mmc_switch_bus_mode	24	static
mmc.c:2689:12:mmc_startup	440	static
mmc.c:3203:12:mmc_complete_init	8	static
mmc.c:1994:6:mmc_dump_capabilities	0	static
mmc.c:2960:13:board_mmc_power_init	0	static
mmc.c:3058:5:mmc_start_init	32	static
mmc.c:3220:6:mmc_update_config_for_dragonboard	160	static
mmc.c:3298:6:mmc_update_config_for_sdly	192	static
mmc.c:3583:5:mmc_init_product	24	static
mmc.c:3722:5:mmc_init	40	static
mmc.c:473:6:mmc_force_reinit	16	static
mmc.c:505:7:mmc_bread	40	static
mmc.c:3830:5:mmc_set_dsr	0	static
mmc.c:3837:12:cpu_mmc_init	0	static
mmc.c:3843:12:board_mmc_init	0	static
mmc.c:3848:6:mmc_set_preinit	0	static
mmc.c:3892:5:mmc_initialize	16	static
mmc.c:3923:5:mmc_exit	16	static
