mmc_write.c:153:14:mmc_write_blocks	72	static
mmc_write.c:93:7:mmc_berase	80	static
mmc_write.c:222:7:mmc_bwrite	40	static
mmc_write.c:309:5:mmc_set_erase_start_addr	48	static
mmc_write.c:336:5:mmc_set_erase_end_addr	48	static
mmc_write.c:364:5:mmc_launch_erase	40	static
mmc_write.c:376:14:mmc_sd_erase_timeout	0	static
mmc_write.c:383:14:mmc_mmc_def_erase_timeout	24	static
mmc_write.c:422:14:mmc_mmc_update_timeout	744	static
mmc_write.c:467:14:mmc_mmc_erase_timeout	16	static
mmc_write.c:509:14:mmc_erase_timeout	0	static
mmc_write.c:519:5:mmc_do_erase	24	static
mmc_write.c:568:5:mmc_erase_group_aligned	16	static
mmc_write.c:578:6:mmc_align_erase_group	24	static
mmc_write.c:613:5:mmc_erase	32	static
mmc_write.c:674:5:mmc_do_sanitize	16	static
mmc_write.c:685:6:mmc_add_skip_space	12	static
mmc_write.c:694:5:mmc_insecure_secure_erase	40	static
mmc_write.c:744:5:mmc_do_secure_wipe	40	static
mmc_write.c:848:5:mmc_mmc_secure_wipe	16	static
mmc_write.c:887:7:mmc_mmc_erase	32	static
mmc_write.c:956:5:mmc_mmc_sanitize	8	static
mmc_write.c:993:5:mmc_mmc_trim	24	static
mmc_write.c:1042:5:mmc_mmc_discard	24	static
mmc_write.c:1093:5:mmc_mmc_secure_erase	32	static
mmc_write.c:1152:5:mmc_mmc_secure_trim	24	static
