sunxi_mmc_tuning.c:523:12:_get_best_sdly	216	static
sunxi_mmc_tuning.c:138:5:gen_pat_bus4_1bit	28	static
sunxi_mmc_tuning.c:169:5:gen_pat_bus8_1bit	28	static
sunxi_mmc_tuning.c:200:5:gen_tuning_blk_bus8	24	static
sunxi_mmc_tuning.c:252:5:gen_tuning_blk_bus4	24	static
sunxi_mmc_tuning.c:305:5:sunxi_mmc_tuning_init	16	static
sunxi_mmc_tuning.c:339:5:sunxi_mmc_tuning_exit	8	static
sunxi_mmc_tuning.c:353:14:sunxi_select_freq	16	static
sunxi_mmc_tuning.c:862:5:sunxi_need_rty	16	static
sunxi_mmc_tuning.c:879:5:write_tuning_try_freq	32	static
sunxi_mmc_tuning.c:972:5:sunxi_write_tuning	16	static
sunxi_mmc_tuning.c:1037:5:sunxi_execute_tuning	128	static
sunxi_mmc_tuning.c:1121:5:sunxi_pack_tuning_result	48	static
sunxi_mmc_tuning.c:1207:5:sunxi_bus_tuning	16	static
sunxi_mmc_tuning.c:1283:5:sunxi_switch_to_best_bus	48	static
sunxi_mmc_tuning.c:1429:5:mmc_request_update_boot0	8	static
sunxi_mmc_tuning.c:1452:5:mmc_write_info	120	static
