clk-sun50iw10.c:712:5:dcxo_out_priv_enable	0	static
clk-sun50iw10.c:725:6:dcxo_out_priv_disable	0	static
clk-sun50iw10.c:736:5:dcxo_out_priv_is_enabled	0	static
clk-sun50iw10.c:751:6:set_dcxo_out_priv_ops	0	static
clk-sun50iw10.c:318:22:calc_rate_audio	32	static
clk-sun50iw10.c:290:22:calc_rate_video2	24	static
clk-sun50iw10.c:280:22:calc_rate_video0	24	static
clk-sun50iw10.c:270:22:calc_rate_pll_periph	24	static
clk-sun50iw10.c:260:22:calc_rate_pll_ddr	32	static
clk-sun50iw10.c:301:22:calc_rate_media	0	static
clk-sun50iw10.c:250:22:calc_rate_pll_cpu	32	static
clk-sun50iw10.c:229:12:get_factors_pll_com	24	static
clk-sun50iw10.c:210:12:get_factors_pll_ve	24	static
clk-sun50iw10.c:191:12:get_factors_pll_video2	24	static
clk-sun50iw10.c:172:12:get_factors_pll_video1	24	static
clk-sun50iw10.c:153:12:get_factors_pll_video0	24	static
clk-sun50iw10.c:134:12:get_factors_pll_gpu	24	static
clk-sun50iw10.c:115:12:get_factors_pll_periph1	24	static
clk-sun50iw10.c:96:12:get_factors_pll_periph0	24	static
clk-sun50iw10.c:77:12:get_factors_pll_ddr	24	static
clk-sun50iw10.c:58:12:get_factors_pll_cpu	24	static
clk-sun50iw10.c:351:12:get_factors_pll_audio	0	static
clk-sun50iw10_tbl.c:730:6:sunxi_clk_factor_initlimits	0	static
clk-sun50iw10.c:759:6:sunxi_set_clk_priv_ops	24	static
clk-sun50iw10.c:775:26:sunxi_clk_get_factor_by_name	24	static
clk-sun50iw10.c:794:26:sunxi_clk_get_periph_by_name	24	static
clk-sun50iw10.c:812:26:sunxi_clk_get_periph_cpus_by_name	24	static
clk-sun50iw10.c:826:26:sunxi_cpus_clk_get_periph_by_name	0	static
clk-sun50iw10.c:841:6:init_clocks	40	static
