clk.c:40:13:__clk_disable	8	static
clk.c:157:13:__clk_recalc_rates	8	static
clk.c:72:12:__clk_enable	16	static
clk.c:22:13:__clk_lookup	16	static
clk.c:58:15:__clk_get_rate	0	static
clk.c:218:5:__clk_init	24	static
clk.c:313:5:clk_disable	8	static
clk.c:324:5:clk_prepare_enable	0	static
clk.c:344:6:clk_round_rate	16	static
clk.c:362:13:clk_get_parent	0	static
clk.c:367:5:clk_set_parent	32	static
clk.c:402:15:clk_get_rate	8	static
clk.c:412:5:clk_set_rate	24	static
clk.c:458:13:clk_get	0	static
clk.c:466:6:clk_put	0	static
clk.c:470:5:clk_init	8	static
clk.c:477:13:clk_register	16	static
clk.c:507:5:of_pll_clk_config_setup	40	static
clk.c:573:5:of_periph_clk_config_setup	96	static
clk.c:656:13:of_clk_get	72	static
