disp_manager.c:734:42:disp_mgr_get_priv	8	static
disp_manager.c:1289:12:disp_mgr_tasklet	16	static
disp_manager.c:1043:12:disp_mgr_update_color_space	16	static
disp_manager.c:1662:5:disp_mgr_set_ksc_para	16	static
disp_manager.c:1238:12:disp_mgr_sync	24	static
disp_manager.c:755:12:disp_mgr_shadow_protect.part.1	8	static
disp_manager.c:755:12:disp_mgr_shadow_protect	16	static
disp_manager.c:889:12:disp_mgr_get_clk_rate	8	static
disp_manager.c:1639:12:disp_mgr_blank	24	static
disp_manager.c:1627:12:disp_mgr_dump	8	static
disp_manager.c:1010:12:disp_mgr_set_output_color_range	16	static
disp_manager.c:1614:12:disp_mgr_is_enabled	8	static
disp_manager.c:120:40:disp_lyr_get_priv	8	static
disp_manager.c:606:12:disp_lyr_dump	312	static
disp_manager.c:524:12:disp_lyr_dirty_clear	8	static
disp_manager.c:508:12:disp_lyr_is_dirty	8	static
disp_manager.c:416:12:disp_lyr_check2	8	static
disp_manager.c:404:12:disp_lyr_check	8	static
disp_manager.c:576:12:disp_lyr_apply	8	static
disp_manager.c:588:12:disp_lyr_force_apply	8	static
disp_manager.c:386:12:disp_lyr_unset_manager	8	static
disp_manager.c:368:12:disp_lyr_set_manager	16	static
disp_manager.c:1360:12:disp_mgr_apply	144	static
disp_manager.c:1413:12:disp_mgr_force_apply	24	static
disp_manager.c:1532:12:disp_mgr_sw_enable	32	static
disp_manager.c:1450:12:disp_mgr_enable	80	static
disp_manager.c:956:12:disp_mgr_get_back_color	16	static
disp_manager.c:936:12:disp_mgr_set_back_color	16	static
disp_manager.c:993:12:disp_mgr_get_color_key	16	static
disp_manager.c:973:12:disp_mgr_set_color_key	16	static
disp_manager.c:1327:12:disp_mgr_update_regs	16	static
disp_manager.c:921:12:disp_mgr_exit	8	static
disp_manager.c:908:12:disp_mgr_init	16	static
disp_manager.c:1031:12:disp_mgr_get_output_color_range	8	static
disp_manager.c:57:20:disp_get_layer	40	static
disp_manager.c:1203:1:disp_mgr_get_layer_config2	32	static
disp_manager.c:1153:1:disp_mgr_set_layer_config2	32	static
disp_manager.c:1122:12:disp_mgr_get_layer_config	32	static
disp_manager.c:1073:12:disp_mgr_set_layer_config	32	static
disp_manager.c:87:20:disp_get_layer_1	24	static
disp_manager.c:132:5:__disp_config_transfer2inner	16	static
disp_manager.c:429:12:disp_lyr_save_and_dirty_check	16	static
disp_manager.c:188:5:__disp_config2_transfer2inner	16	static
disp_manager.c:466:12:disp_lyr_save_and_dirty_check2	16	static
disp_manager.c:259:5:__disp_inner_transfer2config	16	static
disp_manager.c:557:12:disp_lyr_get_config	16	static
disp_manager.c:305:5:__disp_inner_transfer2config2	16	static
disp_manager.c:538:12:disp_lyr_get_config2	16	static
disp_manager.c:721:22:disp_get_layer_manager	8	static
disp_manager.c:867:5:disp_mgr_clk_disable	16	static
disp_manager.c:1583:12:disp_mgr_disable	16	static
disp_manager.c:1676:5:disp_init_mgr	56	static
