disp_lcd.c:2538:12:disp_lcd_set_static_config	0	static
disp_lcd.c:75:38:disp_lcd_get_priv	8	static
disp_lcd.c:85:12:disp_lcd_is_used	8	static
disp_lcd.c:1478:12:disp_lcd_cal_fps	8	static
disp_lcd.c:1245:12:disp_lcd_bright_curve_init	848	static
disp_lcd.c:2207:12:disp_lcd_set_panel_funs	80	static
disp_lcd.c:2448:12:disp_lcd_init	96	static
disp_lcd.c:967:12:lcd_clk_disable	16	static
disp_lcd.c:900:12:lcd_clk_enable	112	static
disp_lcd.c:1067:12:disp_lcd_pin_cfg	64	static
disp_lcd.c:1169:12:disp_lcd_backlight_disable	80	static
disp_lcd.c:1233:12:disp_lcd_bright_get_adjust_value.part.1	8	static
disp_lcd.c:1345:5:disp_lcd_get_bright	8	static
disp_lcd.c:2101:5:disp_lcd_is_enabled	8	static
disp_lcd.c:2415:12:disp_lcd_disable_gamma	8	static
disp_lcd.c:2343:12:disp_lcd_get_dimensions	16	static
disp_lcd.c:2178:24:disp_lcd_get_close_flow	16	static
disp_lcd.c:2131:12:disp_lcd_set_close_func	16	static
disp_lcd.c:2113:12:disp_lcd_set_open_func	16	static
disp_lcd.c:2520:13:disp_lcd_check_config_dirty	8	static
disp_lcd.c:2544:12:disp_lcd_get_static_config	16	static
disp_lcd.c:1195:12:disp_lcd_power_enable	16	static
disp_lcd.c:1375:12:disp_lcd_get_panel_info	16	static
disp_lcd.c:1214:12:disp_lcd_power_disable	16	static
disp_lcd.c:2329:5:disp_lcd_gpio_set_value	48	static
disp_lcd.c:2575:12:disp_lcd_exit	8	static
disp_lcd.c:2357:12:disp_lcd_get_status	8	static
disp_lcd.c:1005:12:lcd_calc_judge_line	16	static
disp_lcd.c:2005:12:disp_lcd_sw_enable	104	static
disp_lcd.c:1393:12:disp_lcd_event_proc	24	static
disp_lcd.c:1055:12:disp_lcd_tcon_disable	8	static
disp_lcd.c:1043:12:disp_lcd_tcon_enable	8	static
disp_lcd.c:1119:12:disp_lcd_pwm_disable	16	static
disp_lcd.c:1102:12:disp_lcd_pwm_enable	16	static
disp_lcd.c:2437:12:disp_lcd_get_fps	8	static
disp_lcd.c:2369:12:disp_lcd_set_gamma_tbl	24	static
disp_lcd.c:2394:12:disp_lcd_enable_gamma	8	static
disp_lcd.c:2149:24:disp_lcd_get_open_flow	16	static
disp_lcd.c:1290:5:disp_lcd_set_bright	32	static
disp_lcd.c:1357:12:disp_lcd_set_bright_dimming	16	static
disp_lcd.c:1136:12:disp_lcd_backlight_enable	80	static
disp_lcd.c:2301:5:disp_lcd_gpio_set_direction	48	static
disp_lcd.c:63:21:disp_get_lcd	8	static
disp_lcd.c:1858:13:disp_lcd_pre_disable_ex	16	static
disp_lcd.c:1603:13:disp_lcd_post_enable_ex	8	static
disp_lcd.c:2235:5:disp_lcd_gpio_init	96	static
disp_lcd.c:1592:13:disp_lcd_pre_enable_ex	32	static
disp_lcd.c:1614:12:__disp_lcd_enable	40	static
disp_lcd.c:1784:12:disp_lcd_fake_enable	0	static
disp_lcd.c:1776:12:disp_lcd_enable	0	static
disp_lcd.c:2266:5:disp_lcd_gpio_exit	88	static
disp_lcd.c:1869:13:disp_lcd_post_disable_ex	24	static
disp_lcd.c:1932:12:disp_lcd_disable	24	static
disp_lcd.c:2315:5:disp_lcd_gpio_get_value	40	static
disp_lcd.c:2589:5:disp_init_lcd	72	static
