disp_display.c:605:6:disp_tasklet	8	static
disp_display.c:438:5:bsp_disp_shadow_protect	16	static
disp_display.c:71:5:bsp_disp_exit	0	static
disp_display.c:87:5:bsp_disp_open	0	static
disp_display.c:92:5:bsp_disp_close	0	static
disp_display.c:97:5:disp_device_attached	40	static
disp_display.c:132:5:disp_device_attached_and_enable	16	static
disp_display.c:216:5:disp_device_detach	24	static
disp_display.c:243:5:bsp_disp_device_switch	72	static
disp_display.c:273:5:bsp_disp_device_set_config	24	static
disp_display.c:307:5:disp_init_connections	32	static
disp_display.c:20:5:bsp_disp_init	24	static
disp_display.c:384:5:bsp_disp_sync_with_hw	32	static
disp_display.c:487:5:bsp_disp_vsync_event_enable	0	static
disp_display.c:555:6:sync_event_proc	16	static
disp_display.c:591:5:bsp_disp_get_output_type	8	static
disp_display.c:726:5:bsp_disp_set_print_level	0	static
disp_display.c:733:5:bsp_disp_get_print_level	0	static
disp_display.c:738:5:bsp_disp_get_screen_physical_width	16	static
disp_display.c:751:5:bsp_disp_get_screen_physical_height	16	static
disp_display.c:764:5:bsp_disp_get_screen_width	0	static
disp_display.c:771:5:bsp_disp_get_screen_height	0	static
disp_display.c:779:5:bsp_disp_get_screen_width_from_output_type	16	static
disp_display.c:895:5:bsp_disp_get_screen_height_from_output_type	24	static
disp_display.c:1011:5:bsp_disp_set_hdmi_func	24	static
disp_display.c:1041:5:bsp_disp_set_edp_func	24	static
disp_display.c:1072:5:bsp_disp_hdmi_get_support_mode	16	static
disp_display.c:1091:5:bsp_disp_hdmi_get_work_mode	16	static
disp_display.c:1110:5:bsp_disp_hdmi_check_support_mode	16	static
disp_display.c:1129:5:bsp_disp_hdmi_get_hpd_status	16	static
disp_display.c:1148:5:bsp_disp_tv_get_hpd_status	16	static
disp_display.c:1167:5:bsp_disp_hdmi_set_detect	16	static
disp_display.c:1187:5:bsp_disp_hdmi_get_color_format	16	static
disp_display.c:1208:5:bsp_disp_tv_set_hpd	0	static
disp_display.c:1238:5:bsp_disp_tv_register	0	static
disp_display.c:1278:16:bsp_disp_lcd_get_open_flow	8	static
disp_display.c:1290:16:bsp_disp_lcd_get_close_flow	8	static
disp_display.c:1302:5:bsp_disp_lcd_set_panel_funs	32	static
disp_display.c:1324:6:LCD_OPEN_FUNC	16	static
disp_display.c:1335:6:LCD_CLOSE_FUNC	16	static
disp_display.c:1346:5:bsp_disp_get_lcd_registered	0	static
disp_display.c:1351:5:bsp_disp_get_hdmi_registered	0	static
disp_display.c:1356:5:bsp_disp_get_tv_registered	0	static
disp_display.c:1361:5:bsp_disp_lcd_backlight_enable	8	static
disp_display.c:1377:5:bsp_disp_lcd_backlight_disable	8	static
disp_display.c:1393:5:bsp_disp_lcd_pwm_enable	8	static
disp_display.c:1409:5:bsp_disp_lcd_pwm_disable	8	static
disp_display.c:1425:5:bsp_disp_lcd_power_enable	8	static
disp_display.c:1441:5:bsp_disp_lcd_power_disable	8	static
disp_display.c:1457:5:bsp_disp_lcd_set_bright	8	static
disp_display.c:1473:5:bsp_disp_lcd_get_bright	8	static
disp_display.c:1485:5:bsp_disp_lcd_tcon_enable	16	static
disp_display.c:1530:5:bsp_disp_lcd_tcon_disable	16	static
disp_display.c:1570:5:bsp_disp_lcd_pin_cfg	8	static
disp_display.c:1582:5:bsp_disp_lcd_gpio_set_value	16	static
disp_display.c:1594:5:bsp_disp_lcd_gpio_set_direction	16	static
disp_display.c:1606:5:bsp_disp_get_panel_info	16	static
disp_display.c:1620:5:bsp_disp_get_fb_info	0	static
disp_display.c:1625:5:bsp_disp_get_display_size	0	static
disp_display.c:1638:5:bsp_disp_lcd_dsi_mode_switch	24	static
disp_display.c:1666:5:bsp_disp_lcd_dsi_clk_enable	24	static
disp_display.c:1693:5:bsp_disp_lcd_dsi_dcs_wr	32	static
disp_display.c:1722:5:bsp_disp_lcd_dsi_gen_wr	32	static
disp_display.c:1751:5:bsp_disp_lcd_dsi_gen_short_read	16	static
disp_display.c:1765:5:bsp_disp_lcd_dsi_dcs_read	8	static
disp_display.c:1778:5:bsp_disp_lcd_set_max_ret_size	0	static
