disp_smart_backlight.c:56:39:disp_smbl_get_priv	0	static
disp_smart_backlight.c:90:12:disp_smbl_update_backlight	8	static
disp_smart_backlight.c:200:13:disp_smbl_is_enabled	8	static
disp_smart_backlight.c:308:12:disp_smbl_set_manager	8	static
disp_smart_backlight.c:326:12:disp_smbl_unset_manager	8	static
disp_smart_backlight.c:364:12:disp_smbl_init	8	static
disp_smart_backlight.c:376:12:disp_smbl_exit	0	static
disp_smart_backlight.c:293:12:disp_smbl_get_window	16	static
disp_smart_backlight.c:343:12:disp_smbl_dump	88	static
disp_smart_backlight.c:169:12:disp_smbl_tasklet	16	static
disp_smart_backlight.c:66:12:disp_smbl_update_regs	8	static
disp_smart_backlight.c:157:12:disp_smbl_sync	8	static
disp_smart_backlight.c:40:19:disp_get_smbl	8	static
disp_smart_backlight.c:261:5:disp_smbl_shadow_protect	8	static
disp_smart_backlight.c:105:12:disp_smbl_apply	64	static
disp_smart_backlight.c:276:12:disp_smbl_set_window	16	static
disp_smart_backlight.c:138:12:disp_smbl_force_apply	8	static
disp_smart_backlight.c:242:12:disp_smbl_disable	8	static
disp_smart_backlight.c:212:12:disp_smbl_enable	16	static
disp_smart_backlight.c:388:5:disp_init_smbl	32	static
