de_feat.c:1342:5:de_feat_get_num_screens	0	static
de_feat.c:1347:5:de_feat_get_num_devices	0	static
de_feat.c:1352:5:de_feat_get_num_chns	0	static
de_feat.c:1357:5:de_feat_get_num_vi_chns	0	static
de_feat.c:1362:5:de_feat_get_num_ui_chns	0	static
de_feat.c:1368:5:de_feat_get_num_layers	16	static
de_feat.c:1386:5:de_feat_get_num_layers_by_chn	16	static
de_feat.c:1402:5:de_feat_is_support_vep	16	static
de_feat.c:1420:5:de_feat_is_support_vep_by_chn	16	static
de_feat.c:1436:5:de_feat_is_support_smbl	0	static
de_feat.c:1441:5:de_feat_is_supported_output_types	0	static
de_feat.c:1447:5:de_feat_is_support_wb	0	static
de_feat.c:1452:5:de_feat_is_support_scale	16	static
de_feat.c:1470:5:de_feat_is_support_scale_by_chn	16	static
de_feat.c:1486:5:de_feat_get_scale_linebuf_for_yuv	16	static
de_feat.c:1502:5:de_feat_get_scale_linebuf_for_rgb	16	static
de_feat.c:1518:5:de_feat_get_scale_linebuf_for_ed	16	static
de_feat.c:1540:14:de_feat_get_tcon_type	0	static
de_feat.c:1554:5:de_feat_get_tcon_index	8	static
de_feat.c:1567:5:de_feat_init	0	static
