de_lcd_sun50iw10.c:722:12:tcon0_cfg_mode_auto	40	static
de_lcd_sun50iw10.c:1551:12:tcon_ceu_range_cut	0	static
de_lcd_sun50iw10.c:1571:12:tcon_ceu_rect_multi	28	static
de_lcd_sun50iw10.c:773:12:tcon0_cfg_mode_tri	40	static
de_lcd_sun50iw10.c:1648:12:tcon_ceu_calc.constprop	392	static
de_lcd_sun50iw10.c:38:5:rgb_src_sel	0	static
de_lcd_sun50iw10.c:52:5:dsi_src_sel	0	static
de_lcd_sun50iw10.c:70:5:tcon0_out_to_gpio	0	static
de_lcd_sun50iw10.c:84:5:tcon1_out_to_gpio	0	static
de_lcd_sun50iw10.c:100:5:tcon1_tv_clk_enable	16	static
de_lcd_sun50iw10.c:131:5:tcon1_hdmi_clk_enable	16	static
de_lcd_sun50iw10.c:174:5:tcon0_dsi_clk_enable	0	static
de_lcd_sun50iw10.c:192:5:tcon_de_attach	16	static
de_lcd_sun50iw10.c:248:5:tcon_get_attach_by_de_index	0	static
de_lcd_sun50iw10.c:267:5:tcon_top_set_reg_base	0	static
de_lcd_sun50iw10.c:273:11:tcon_top_get_reg_base	0	static
de_lcd_sun50iw10.c:324:5:lvds_open	24	static
de_lcd_sun50iw10.c:435:5:lvds_close	16	static
de_lcd_sun50iw10.c:458:5:tcon_get_cur_field	0	static
de_lcd_sun50iw10.c:468:5:tcon_get_timing	40	static
de_lcd_sun50iw10.c:523:5:tcon_set_reg_base	0	static
de_lcd_sun50iw10.c:529:11:tcon_get_reg_base	0	static
de_lcd_sun50iw10.c:534:5:tcon_init	0	static
de_lcd_sun50iw10.c:547:5:tcon_exit	0	static
de_lcd_sun50iw10.c:556:5:tcon_irq_enable	0	static
de_lcd_sun50iw10.c:563:5:tcon_irq_disable	0	static
de_lcd_sun50iw10.c:570:5:tcon_irq_query	12	static
de_lcd_sun50iw10.c:584:5:tcon_get_start_delay	0	static
de_lcd_sun50iw10.c:594:5:tcon0_get_cpu_tri2_start_delay	0	static
de_lcd_sun50iw10.c:599:5:tcon_get_cur_line	0	static
de_lcd_sun50iw10.c:610:5:tcon_get_status	0	static
de_lcd_sun50iw10.c:627:5:tcon0_src_select	16	static
de_lcd_sun50iw10.c:636:5:tcon0_src_get	0	static
de_lcd_sun50iw10.c:641:5:tcon0_open	8	static
de_lcd_sun50iw10.c:677:5:tcon0_close	16	static
de_lcd_sun50iw10.c:701:5:tcon0_simple_close	8	static
de_lcd_sun50iw10.c:714:5:tcon0_simple_open	8	static
de_lcd_sun50iw10.c:1068:5:tcon0_tri_busy	0	static
de_lcd_sun50iw10.c:1073:5:tcon0_cpu_set_auto_mode	0	static
de_lcd_sun50iw10.c:1082:5:tcon0_tri_start	0	static
de_lcd_sun50iw10.c:1091:5:tcon0_frm	0	static
de_lcd_sun50iw10.c:855:5:tcon0_cfg	24	static
de_lcd_sun50iw10.c:1120:5:tcon0_cpu_16b_to_24b	0	static
de_lcd_sun50iw10.c:1128:5:tcon0_cpu_24b_to_16b	0	static
de_lcd_sun50iw10.c:1136:5:tcon0_cpu_busy	0	static
de_lcd_sun50iw10.c:1145:5:tcon0_cpu_wr_24b_index	16	static
de_lcd_sun50iw10.c:1163:5:tcon0_cpu_wr_24b_data	16	static
de_lcd_sun50iw10.c:1181:5:tcon0_cpu_wr_24b	16	static
de_lcd_sun50iw10.c:1188:5:tcon0_cpu_rd_24b	0	static
de_lcd_sun50iw10.c:1193:5:tcon0_cpu_rd_24b_data	32	static
de_lcd_sun50iw10.c:1230:5:tcon0_cpu_wr_16b	16	static
de_lcd_sun50iw10.c:1237:5:tcon0_cpu_wr_16b_index	8	static
de_lcd_sun50iw10.c:1243:5:tcon0_cpu_wr_16b_data	8	static
de_lcd_sun50iw10.c:1249:5:tcon0_cpu_rd_16b	0	static
de_lcd_sun50iw10.c:1254:5:tcon0_set_dclk_div	0	static
de_lcd_sun50iw10.c:1261:5:tcon0_get_dclk_div	0	static
de_lcd_sun50iw10.c:1266:5:tcon1_open	8	static
de_lcd_sun50iw10.c:1274:5:tcon1_close	8	static
de_lcd_sun50iw10.c:1295:5:tcon_set_sync_pol	0	static
de_lcd_sun50iw10.c:1306:5:tcon1_cfg	32	static
de_lcd_sun50iw10.c:1352:5:tcon1_cfg_ex	104	static
de_lcd_sun50iw10.c:1374:5:tcon1_hdmi_color_remap	12	static
de_lcd_sun50iw10.c:1461:5:tcon1_yuv_range	8	static
de_lcd_sun50iw10.c:1499:5:tcon1_set_timming	8	static
de_lcd_sun50iw10.c:1522:5:tcon1_set_tv_mode	0	static
de_lcd_sun50iw10.c:1527:5:tcon1_src_select	8	static
de_lcd_sun50iw10.c:1539:5:tcon1_src_get	0	static
de_lcd_sun50iw10.c:1756:5:tcon_ceu	88	static
de_lcd_sun50iw10.c:1846:5:tcon_gamma	16	static
de_lcd_sun50iw10.c:1862:5:tcon_cmap	0	static
de_lcd_sun50iw10.c:1059:5:tcon0_cfg_ext	16	static
de_lcd_sun50iw10.c:1897:6:tcon_show_builtin_patten	0	static
