de_rtmx.c:43:5:de_rtmx_update_regs	48	static
de_rtmx.c:341:5:de_rtmx_set_gld_reg_base	0	static
de_rtmx.c:358:5:de_rtmx_set_bld_reg_base	0	static
de_rtmx.c:377:5:de_rtmx_set_overlay_reg_base	16	static
de_rtmx.c:173:5:de_rtmx_init	48	static
de_rtmx.c:394:5:de_rtmx_set_display_size	8	static
de_rtmx.c:407:5:de_rtmx_set_dbuff_rdy	0	static
de_rtmx.c:416:5:de_rtmx_set_enable	32	static
de_rtmx.c:433:5:de_rtmx_query_irq	0	static
de_rtmx.c:447:5:de_rtmx_enable_irq	0	static
de_rtmx.c:472:5:de_rtmx_set_lay_cfg	32	static
de_rtmx.c:607:5:de_rtmx_set_lay_haddr	32	static
de_rtmx.c:835:5:de_rtmx_get_3d_in_single_size	0	static
de_rtmx.c:873:5:de_rtmx_get_3d_in	40	static
de_rtmx.c:1095:5:de_rtmx_get_li_addr_offset	0	static
de_rtmx.c:702:5:de_rtmx_set_lay_laddr	72	static
de_rtmx.c:1105:5:de_rtmx_get_3d_out	32	static
de_rtmx.c:1160:5:de_rtmx_set_lay_fcolor	24	static
de_rtmx.c:1197:5:de_rtmx_set_overlay_size	24	static
de_rtmx.c:1419:5:de_rtmx_set_coarse_fac	80	static
de_rtmx.c:1453:5:de_rtmx_set_pf_en	8	static
de_rtmx.c:1472:5:de_rtmx_set_pipe_cfg	16	static
de_rtmx.c:1499:5:de_rtmx_set_route	12	static
de_rtmx.c:1517:5:de_rtmx_set_premul	16	static
de_rtmx.c:1533:5:de_rtmx_set_background_color	0	static
de_rtmx.c:1544:5:de_rtmx_set_blend_size	8	static
de_rtmx.c:1556:5:de_rtmx_set_blend_mode	8	static
de_rtmx.c:1595:5:de_rtmx_set_blend_color	8	static
de_rtmx.c:1605:5:de_rtmx_set_outitl	0	static
de_rtmx.c:1617:5:de_rtmx_set_colorkey	12	static
de_rtmx.c:1646:16:de_rtmx_extend_rect	20	static
de_rtmx.c:1665:5:de_rtmx_calc_chnrect	112	static
de_rtmx.c:1731:5:de_rtmx_trimcoord	32	static
de_rtmx.c:1804:5:de_rtmx_get_premul_ctl	20	static
de_rtmx.c:1829:5:de_rtmx_mux	0	static
de_rtmx.c:1845:5:de_rtmx_get_mux	0	static
de_rtmx.c:1854:5:de_rtmx_sync_hw	48	static
de_rtmx.c:1920:5:de_rtmx_get_lay_enabled	16	static
de_rtmx.c:1939:5:de_rtmx_get_lay_address	24	static
de_rtmx.c:1984:5:de_rtmx_get_lay_size	24	static
de_rtmx.c:2068:5:de_rtmx_get_lay_win	24	static
de_rtmx.c:2093:5:de_rtmx_get_display_size	0	static
de_rtmx.c:2102:5:de_rtmx_get_lay_format	16	static
