disp_al.c:670:5:disp_al_lcd_get_clk_info.part.0	32	static
disp_al.c:409:5:disp_al_layer_apply	88	static
disp_al.c:458:5:disp_al_de_clk_enable	0	static
disp_al.c:448:5:disp_al_manager_init	0	static
disp_al.c:463:5:disp_al_de_clk_disable	0	static
disp_al.c:453:5:disp_al_manager_exit	0	static
disp_al.c:468:5:disp_al_manager_apply	16	static
disp_al.c:503:5:disp_al_manager_sync	0	static
disp_al.c:508:5:disp_al_manager_update_regs	0	static
disp_al.c:513:5:disp_al_manager_query_irq	0	static
disp_al.c:518:5:disp_al_manager_enable_irq	0	static
disp_al.c:523:5:disp_al_manager_disable_irq	0	static
disp_al.c:528:5:disp_al_enhance_apply	72	static
disp_al.c:541:5:disp_al_enhance_update_regs	0	static
disp_al.c:546:5:disp_al_enhance_sync	0	static
disp_al.c:551:5:disp_al_enhance_tasklet	0	static
disp_al.c:557:5:disp_al_capture_init	0	static
disp_al.c:562:5:disp_al_capture_exit	0	static
disp_al.c:567:5:disp_al_capture_sync	8	static
disp_al.c:575:5:disp_al_capture_apply	0	static
disp_al.c:580:5:disp_al_capture_get_status	0	static
disp_al.c:585:5:disp_al_write_back_clk_init	0	static
disp_al.c:590:5:disp_al_write_back_clk_exit	0	static
disp_al.c:631:5:disp_al_smbl_apply	0	static
disp_al.c:636:5:disp_al_smbl_update_regs	0	static
disp_al.c:641:5:disp_al_smbl_sync	0	static
disp_al.c:646:5:disp_al_smbl_tasklet	0	static
disp_al.c:651:5:disp_al_smbl_get_status	0	static
disp_al.c:670:5:disp_al_lcd_get_clk_info	8	static
disp_al.c:748:5:disp_al_lcd_cfg	48	static
disp_al.c:805:5:disp_al_lcd_cfg_ext	8	static
disp_al.c:812:5:disp_al_lcd_enable	16	static
disp_al.c:839:5:disp_al_lcd_disable	16	static
disp_al.c:871:5:disp_al_lcd_query_irq	4	static
disp_al.c:893:5:disp_al_lcd_enable_irq	0	static
disp_al.c:915:5:disp_al_lcd_disable_irq	0	static
disp_al.c:937:5:disp_al_lcd_tri_busy	16	static
disp_al.c:953:5:disp_al_lcd_tri_start	8	static
disp_al.c:962:5:disp_al_lcd_io_cfg	16	static
disp_al.c:983:5:disp_al_lcd_get_cur_line	0	static
disp_al.c:994:5:disp_al_lcd_get_start_delay	16	static
disp_al.c:1016:5:disp_al_hdmi_enable	8	static
disp_al.c:1024:5:disp_al_hdmi_disable	16	static
disp_al.c:1035:5:disp_al_hdmi_cfg	24	static
disp_al.c:1074:5:disp_al_tv_enable	8	static
disp_al.c:1082:5:disp_al_tv_disable	16	static
disp_al.c:1093:5:disp_al_tv_cfg	24	static
disp_al.c:1161:5:disp_al_vdevice_cfg	344	static
disp_al.c:1218:5:disp_al_vdevice_enable	304	static
disp_al.c:1229:5:disp_al_vdevice_disable	16	static
disp_al.c:1240:5:disp_al_device_get_cur_line	0	static
disp_al.c:1247:5:disp_al_device_get_start_delay	0	static
disp_al.c:1255:5:disp_al_device_query_irq	0	static
disp_al.c:1267:5:disp_al_device_enable_irq	0	static
disp_al.c:1279:5:disp_al_device_disable_irq	0	static
disp_al.c:1291:5:disp_al_device_get_status	0	static
disp_al.c:1300:5:disp_al_device_src_select	0	static
disp_al.c:1307:5:disp_init_al	104	static
disp_al.c:1399:5:disp_al_get_fb_info	0	static
disp_al.c:1404:5:disp_al_get_display_size	0	static
disp_al.c:1413:6:disp_al_show_builtin_patten	0	static
