nand_uboot_fun.c:56:29:NAND_GetBootFlag	0	static
nand_uboot_fun.c:61:5:__NAND_UpdatePhyArch	8	static
nand_uboot_fun.c:70:5:msg	8	static
nand_uboot_fun.c:76:5:NAND_PhyInit	8	static
nand_uboot_fun.c:95:5:NAND_PhyExit	8	static
nand_uboot_fun.c:103:5:NAND_LogicWrite	0	static
nand_uboot_fun.c:108:5:NAND_LogicRead	0	static
nand_uboot_fun.c:113:5:NAND_LogicRead_History	0	static
nand_uboot_fun.c:120:5:NAND_LogicInit	32	static
nand_uboot_fun.c:188:5:NAND_LogicExit	8	static
nand_uboot_fun.c:205:5:NAND_build_all_partition	24	static
nand_uboot_fun.c:236:5:NAND_VersionGet	8	static
nand_uboot_fun.c:253:5:NAND_VersionCheck	304	static
nand_uboot_fun.c:329:6:NAND_EraseBootBlocks	16	static
nand_uboot_fun.c:359:6:NAND_EraseChip	0	static
nand_uboot_fun.c:364:6:NAND_EraseChip_force	0	static
nand_uboot_fun.c:369:5:NAND_BadBlockScan	0	static
nand_uboot_fun.c:374:5:NAND_UbootInit	16	static
nand_uboot_fun.c:396:5:NAND_UbootExit	8	static
nand_uboot_fun.c:406:5:NAND_UbootProbe	8	static
nand_uboot_fun.c:429:6:NAND_UbootRead_History	0	static
nand_uboot_fun.c:434:6:NAND_UbootRead	0	static
nand_uboot_fun.c:439:6:NAND_UbootWrite	0	static
nand_uboot_fun.c:445:5:NAND_Uboot_Erase	16	static
nand_uboot_fun.c:488:5:NAND_Uboot_Force_Erase	8	static
nand_uboot_fun.c:506:5:NAND_ReadBoot0	0	static
nand_uboot_fun.c:511:5:NAND_BurnBoot0	0	static
nand_uboot_fun.c:518:5:NAND_BurnUboot	0	static
nand_uboot_fun.c:523:5:NAND_GetParam_store	16	static
nand_uboot_fun.c:560:5:NAND_FlushCache	0	static
nand_uboot_fun.c:566:5:nand_verify_toc0	16	static
