nand_osal_uboot.c:122:12:nand_fdt_get_path_offset	16	static
nand_osal_uboot.c:102:7:get_wvalue	0	static
nand_osal_uboot.c:107:6:put_wvalue	0	static
nand_osal_uboot.c:139:5:nand_fdt_get_uint	8	static
nand_osal_uboot.c:155:5:nand_fdt_get_int	8	static
nand_osal_uboot.c:172:13:nand_fdt_get_string	8	static
nand_osal_uboot.c:191:5:nand_fdt_get_addr	32	static
nand_osal_uboot.c:212:7:get_storage_type	8	static
nand_osal_uboot.c:228:5:NAND_set_boot_mode	0	static
nand_osal_uboot.c:235:5:NAND_Print	16	static
nand_osal_uboot.c:250:5:NAND_Print_DBG	16	static
nand_osal_uboot.c:265:7:NAND_CleanFlushDCacheRegion	8	static
nand_osal_uboot.c:271:7:NAND_InvaildDCacheRegion	8	static
nand_osal_uboot.c:279:7:NAND_DMASingleMap	0	static
nand_osal_uboot.c:284:7:NAND_DMASingleUnmap	0	static
nand_osal_uboot.c:307:7:NAND_FreeMemoryForDMADescs	16	static
nand_osal_uboot.c:318:7:NAND_PIORequest	8	static
nand_osal_uboot.c:348:7:NAND_3DNand_Request	8	static
nand_osal_uboot.c:363:7:NAND_Check_3DNand	8	static
nand_osal_uboot.c:377:7:NAND_PIOFuncChange_DQSc	8	static
nand_osal_uboot.c:404:7:NAND_PIOFuncChange_REc	8	static
nand_osal_uboot.c:433:6:NAND_PIORelease	0	static
nand_osal_uboot.c:438:6:NAND_Bug	8	static
nand_osal_uboot.c:443:6:NAND_Mdelay	8	static
nand_osal_uboot.c:448:6:NAND_Memset	0	static
nand_osal_uboot.c:453:6:NAND_Memcpy	0	static
nand_osal_uboot.c:458:5:NAND_Memcmp	0	static
nand_osal_uboot.c:463:5:NAND_Strcmp	0	static
nand_osal_uboot.c:469:7:NAND_Malloc	8	static
nand_osal_uboot.c:289:7:NAND_AllocMemoryForDMADescs	16	static
nand_osal_uboot.c:484:6:NAND_Free	0	static
nand_osal_uboot.c:489:7:nand_malloc	0	static
nand_osal_uboot.c:504:6:nand_free	0	static
nand_osal_uboot.c:510:7:OSAL_IrqUnLock	0	static
nand_osal_uboot.c:514:7:OSAL_IrqLock	0	static
nand_osal_uboot.c:519:5:NAND_WaitRbReady	0	static
nand_osal_uboot.c:524:7:NAND_IORemap	0	static
nand_osal_uboot.c:529:7:NAND_VA_TO_PA	0	static
nand_osal_uboot.c:534:7:RAWNAND_GetIOBaseAddrCH0	0	static
nand_osal_uboot.c:539:7:RAWNAND_GetIOBaseAddrCH1	0	static
nand_osal_uboot.c:543:7:SPINAND_GetIOBaseAddrCH0	0	static
nand_osal_uboot.c:548:7:SPINAND_GetIOBaseAddrCH1	0	static
nand_osal_uboot.c:553:7:NAND_GetNdfcVersion	0	static
nand_osal_uboot.c:558:7:NAND_GetNdfcDmaMode	0	static
nand_osal_uboot.c:567:5:NAND_PhysicLockInit	0	static
nand_osal_uboot.c:572:5:NAND_PhysicLock	0	static
nand_osal_uboot.c:577:5:NAND_PhysicUnLock	0	static
nand_osal_uboot.c:582:5:NAND_PhysicLockExit	0	static
nand_osal_uboot.c:587:7:NAND_GetMaxChannelCnt	0	static
nand_osal_uboot.c:592:7:NAND_GetPlatform	0	static
nand_osal_uboot.c:600:5:nand_request_dma	8	static
nand_osal_uboot.c:611:5:NAND_ReleaseDMA	8	static
nand_osal_uboot.c:622:5:rawnand_dma_config_start	40	static
nand_osal_uboot.c:678:5:spinand_request_tx_dma	8	static
nand_osal_uboot.c:690:5:spinand_request_rx_dma	8	static
nand_osal_uboot.c:702:5:spinand_releasetxdma	8	static
nand_osal_uboot.c:713:5:spinand_releaserxdma	8	static
nand_osal_uboot.c:724:6:spinand_dma_callback	0	static
nand_osal_uboot.c:732:5:spinand_dma_config_start	32	static
nand_osal_uboot.c:795:5:NAND_WaitDmaFinish	16	static
nand_osal_uboot.c:830:5:Nand_Dma_End	0	static
nand_osal_uboot.c:835:5:nand_dma_config_start	16	static
nand_osal_uboot.c:848:7:NAND_GetNandExtPara	24	static
nand_osal_uboot.c:904:7:NAND_GetNandIDNumCtrl	8	static
nand_osal_uboot.c:929:6:nand_cond_resched	0	static
nand_osal_uboot.c:934:7:NAND_GetNandCapacityLevel	8	static
nand_osal_uboot.c:972:7:nand_rb_wait_time_out	0	static
nand_osal_uboot.c:977:7:nand_rb_wake_up	0	static
nand_osal_uboot.c:989:7:nand_dma_wait_time_out	0	static
nand_osal_uboot.c:994:7:nand_dma_wake_up	0	static
nand_osal_uboot.c:1004:5:NAND_IS_Secure_sys	8	static
nand_osal_uboot.c:1018:5:NAND_IS_Secure_Chip	0	static
nand_osal_uboot.c:1026:5:NAND_IS_Burn_Mode	8	static
nand_osal_uboot.c:1036:5:NAND_GetVoltage	0	static
nand_osal_uboot.c:1042:5:NAND_ReleaseVoltage	0	static
nand_osal_uboot.c:1048:6:NAND_Print_Version	16	static
nand_osal_uboot.c:1059:5:NAND_Get_Version	0	static
nand_osal_uboot.c:1072:5:nand_get_bsp_code	16	static
nand_osal_uboot.c:1112:5:nand_get_support_boot_check_crc	8	static
nand_osal_uboot.c:1188:6:nand_enable_vccq_3p3v	0	static
nand_osal_uboot.c:1198:6:nand_enable_vccq_1p8v	0	static
nand_osal_uboot.c:1212:6:nand_common1_show_version	8	static
