board_common.c:63:6:set_boot_work_mode	0	static
board_common.c:68:5:get_boot_work_mode	0	static
board_common.c:73:5:get_boot_storage_type_ext	0	static
board_common.c:79:5:get_boot_storage_type	0	static
board_common.c:90:6:set_boot_storage_type	0	static
board_common.c:102:5:board_eth_init	0	static
board_common.c:123:5:sunxi_probe_secure_monitor	0	static
board_common.c:131:5:sunxi_probe_secure_os	0	static
board_common.c:136:5:sunxi_get_secureboard	0	static
board_common.c:159:5:sunxi_probe_securemode	24	static
board_common.c:202:5:sunxi_set_secure_mode	88	static
board_common.c:267:5:sunxi_get_securemode	0	static
board_common.c:272:5:sunxi_get_uboot_shell	0	static
board_common.c:277:5:sunxi_set_uboot_shell	0	static
board_common.c:283:6:set_boot_dram_update_flag	0	static
board_common.c:294:5:get_boot_dram_update_flag	0	static
board_common.c:305:5:initr_sunxi_display	0	static
board_common.c:339:5:sunxi_boot_init_gpio	64	static
board_common.c:379:5:board_early_init_r	8	static
board_common.c:441:6:board_bootlogo_display	8	static
board_common.c:480:5:board_env_late_init	8	static
board_common.c:491:5:update_boot0_head_for_ota	8	static
board_common.c:528:5:board_late_init	8	static
board_common.c:629:6:sunxi_generate_checksum	20	static
board_common.c:653:5:sunxi_verify_checksum	8	static
board_common.c:673:6:board_quiesce_devices	0	static
board_common.c:682:6:sunxi_board_close_source	8	static
board_common.c:689:5:sunxi_board_restart	8	static
board_common.c:664:6:reset_misc	0	static
board_common.c:698:5:sunxi_board_shutdown	8	static
board_common.c:713:5:sunxi_board_run_fel	8	static
board_common.c:722:6:sunxi_update_subsequent_processing	8	static
board_common.c:758:5:sunxi_boot_image_get_embbed_cert_len	8	static
board_common.c:768:7:sunxi_prepare_bpk_bootlogo	8	static
board_common.c:411:6:sunxi_early_logo_display	8	static
