sys_config.c:80:16:PIO_REG_CFG	0	static
sys_config.c:92:16:PIO_REG_PULL	0	static
sys_config.c:104:16:PIO_REG_DLEVEL	0	static
sys_config.c:116:16:PIO_REG_DATA	0	static
sys_config.c:128:5:PIO_REG_CFG_VALUE	0	static
sys_config.c:142:5:PIO_REG_DLEVEL_VALUE	0	static
sys_config.c:156:5:PIO_REG_PULL_VALUE	0	static
sys_config.c:170:5:PIO_REG_DATA_VALUE	0	static
sys_config.c:232:8:gpio_get_all_pin_status	64	static
sys_config.c:354:8:gpio_get_one_pin_status	32	static
sys_config.c:426:8:gpio_set_one_pin_status	40	static
sys_config.c:531:8:gpio_set_one_pin_io_status	24	static
sys_config.c:591:8:gpio_set_one_pin_pull	24	static
sys_config.c:650:8:gpio_set_one_pin_driver_level	24	static
sys_config.c:710:8:gpio_read_one_pin_value	24	static
sys_config.c:768:8:gpio_write_one_pin_value	24	static
sys_config.c:835:5:gpio_request_early	80	static
sys_config.c:1034:7:sunxi_gpio_request	96	static
sys_config.c:1243:7:gpio_release	8	static
sys_config.c:1278:5:fdt_get_all_pin	2672	static
sys_config.c:1449:5:fdt_get_pin_num	88	static
sys_config.c:1505:5:fdt_set_all_pin	1808	static
sys_config.c:1543:5:fdt_set_all_pin_by_offset	1808	static
sys_config.c:1586:5:fdt_set_pin_byname	24	static
sys_config.c:1618:5:fdt_get_one_gpio_by_offset	56	static
sys_config.c:1659:5:fdt_get_one_gpio	64	static
sys_config.c:1707:5:fdt_set_one_gpio	64	static
sys_config.c:1718:5:fdt_set_normal_gpio	16	static
sys_config.c:1723:5:script_parser_fetch	24	static
