fs.c:28:19:fs_probe_unsupported	8	static
fs.c:35:19:fs_ls_unsupported	0	static
fs.c:69:19:fs_exists_unsupported	0	static
fs.c:74:19:fs_size_unsupported	0	static
fs.c:79:19:fs_read_unsupported	0	static
fs.c:93:20:fs_close_unsupported	0	static
fs.c:102:19:fs_opendir_unsupported	0	static
fs.c:254:28:fs_get_info	0	static
fs.c:336:13:fs_close	8	static
fs.c:86:19:fs_write_unsupported	0	static
fs.c:97:19:fs_uuid_unsupported	0	static
fs.c:268:5:fs_set_blk_dev	40	static
fs.c:313:5:fs_set_blk_dev_with_part	24	static
fs.c:345:5:fs_uuid	8	static
fs.c:352:5:fs_ls	16	static
fs.c:366:5:fs_exists	8	static
fs.c:379:5:fs_size	16	static
fs.c:392:5:fs_read	40	static
fs.c:415:5:fs_write	48	static
fs.c:435:23:fs_opendir	24	static
fs.c:454:19:fs_readdir	16	static
fs.c:473:6:fs_closedir	8	static
fs.c:42:12:fs_ls_generic	40	static
fs.c:488:5:do_size	24	static
fs.c:507:5:do_load	72	static
fs.c:577:5:do_ls	16	static
fs.c:594:5:file_exists	8	static
fs.c:603:5:do_save	64	static
fs.c:645:5:do_fs_uuid	56	static
fs.c:670:5:do_fs_type	16	static
