fdtdec.c:644:20:get_prop_check_min_len	24	static
fdtdec.c:78:13:fdtdec_get_compatible	0	static
fdtdec.c:310:10:fdtdec_get_uint64	24	static
fdtdec.c:323:5:fdtdec_get_is_enabled	8	static
fdtdec.c:340:20:fdtdec_lookup	24	static
fdtdec.c:352:5:fdtdec_next_compatible	0	static
fdtdec.c:357:5:fdtdec_next_compatible_subnode	24	static
fdtdec.c:372:5:fdtdec_next_alias	72	static
fdtdec.c:404:5:fdtdec_add_aliases_for_id	64	dynamic
fdtdec.c:394:5:fdtdec_find_aliases_for_id	24	static
fdtdec.c:519:5:fdtdec_get_alias_seq	56	static
fdtdec.c:561:13:fdtdec_get_chosen_prop	16	static
fdtdec.c:571:5:fdtdec_get_chosen_node	8	static
fdtdec.c:598:5:fdtdec_prepare_fdt	8	static
fdtdec.c:581:5:fdtdec_check_fdt	8	static
fdtdec.c:619:5:fdtdec_lookup_phandle	8	static
fdtdec.c:662:5:fdtdec_get_int_array	32	static
fdtdec.c:1065:12:decode_timing_property	40	static
fdtdec.c:680:5:fdtdec_get_int_array_count	16	static
fdtdec.c:700:12:fdtdec_locate_array	24	static
fdtdec.c:711:5:fdtdec_get_bool	16	static
fdtdec.c:721:5:fdtdec_parse_phandle_with_args	48	static
fdtdec.c:845:5:fdtdec_get_child_count	16	static
fdtdec.c:856:5:fdtdec_get_byte_array	24	static
fdtdec.c:868:11:fdtdec_locate_byte_array	24	static
fdtdec.c:880:5:fdtdec_get_config_int	16	static
fdtdec.c:892:5:fdtdec_get_config_bool	16	static
fdtdec.c:906:7:fdtdec_get_config_string	24	static
fdtdec.c:924:5:fdtdec_decode_region	24	static
fdtdec.c:946:5:fdtdec_get_number	8	static
fdtdec.c:85:12:fdtdec_get_addr_size_fixed	40	static
fdtdec.c:141:12:fdtdec_get_addr_size_auto_parent	40	static
fdtdec.c:168:12:fdtdec_get_addr_size_auto_noparent	40	static
fdtdec.c:187:12:fdtdec_get_addr_size	32	static
fdtdec.c:197:12:fdtdec_get_addr	0	static
fdtdec.c:956:5:fdt_get_resource	40	static
fdtdec.c:991:5:fdt_get_named_resource	24	static
fdtdec.c:1004:5:fdtdec_decode_memory_region	120	static
fdtdec.c:1089:5:fdtdec_decode_display_timing	24	static
fdtdec.c:1157:5:fdtdec_setup_memory_size	40	static
fdtdec.c:1182:5:fdtdec_setup_memory_banksize	40	static
fdtdec.c:1285:14:board_fdt_blob_setup	0	static
fdtdec.c:1302:5:fdtdec_setup	8	static
