nand_info_init_v2.c:25:5:read_partition_v3	8	static
nand_info_init_v2.c:173:6:print_boot_info	8	static
nand_info_init_v2.c:237:14:get_no_use_block_v3	64	static
nand_info_init_v2.c:686:5:write_mbr_v2	64	static
nand_info_init_v2.c:747:5:read_mbr_v2	64	static
nand_info_init_v2.c:786:5:check_mbr_v3	416	static
nand_info_init_v2.c:835:5:check_mbr_v2	416	static
nand_info_init_v2.c:883:5:write_partition_v2	72	static
nand_info_init_v2.c:924:5:read_partition_v2	64	static
nand_info_init_v2.c:969:5:check_partition_mbr_v2	16	static
nand_info_init_v2.c:604:5:read_mbr_partition_v3	32	static
nand_info_init_v2.c:995:5:write_factory_block_table_v2	72	static
nand_info_init_v2.c:1050:5:print_factory_block_table_v2	24	static
nand_info_init_v2.c:640:5:read_factory_block_v3	72	static
nand_info_init_v2.c:1112:5:write_new_block_table_v2_old	72	static
nand_info_init_v2.c:1150:5:write_new_block_table_v2_new	72	static
nand_info_init_v2.c:1185:5:write_new_block_table_v2	64	static
nand_info_init_v2.c:1214:5:write_new_block_table_v2_new_first_build	72	static
nand_info_init_v2.c:1257:5:write_no_use_block_v2	72	static
nand_info_init_v2.c:1342:16:read_new_bad_block_table_v2_old	72	static
nand_info_init_v2.c:1385:16:read_new_bad_block_table_v2_new	64	static
nand_info_init_v2.c:1423:16:read_new_bad_block_table_v2	64	static
nand_info_init_v2.c:1462:6:print_nand_info_v2	24	static
nand_info_init_v2.c:1502:5:get_partition_v2	48	static
nand_info_init_v2.c:1596:5:get_partition_v3	40	static
nand_info_init_v2.c:1671:6:new_print_all_partition	32	static
nand_info_init_v2.c:1693:5:build_all_phy_partition_v2	24	static
nand_info_init_v2.c:47:5:nand_info_init_v3	32	static
nand_info_init_v2.c:274:5:nand_info_init_v2	64	static
nand_info_init_v2.c:501:5:nand_info_init	32	static
nand_info_init_v2.c:1719:5:print_mbr_data	24	static
