rawnand_debug.c:48:6:show_nctri	128	static
rawnand_debug.c:108:6:show_nci	128	static
rawnand_debug.c:167:6:show_nsci	8	static
rawnand_debug.c:205:6:show_nsi	8	static
rawnand_debug.c:222:6:show_nssi	8	static
rawnand_debug.c:248:6:show_static_info	16	static
rawnand_debug.c:274:6:show_spare	144	static
rawnand_debug.c:346:6:nand_show_data	24	static
rawnand_debug.c:366:6:show_dict_page	112	static
rawnand_debug.c:415:6:show_logic_page_all_history	104	static
rawnand_debug.c:463:5:nand_super_page_test	104	static
rawnand_debug.c:519:5:nand_phy_page_test	112	static
rawnand_debug.c:574:5:nand_phy_block_test	136	static
rawnand_debug.c:661:5:nand_phy_block_erase_test	128	static
rawnand_debug.c:713:6:nand_phy_erase_all	24	static
rawnand_debug.c:739:6:nand_phy_check_all	40	static
rawnand_debug.c:774:5:nand_phy_read_block_test	112	static
rawnand_debug.c:812:5:nand_update_end	24	static
rawnand_debug.c:838:6:nand_special_test	0	static
