rawnand_boot1.c:49:5:rawnand_write_uboot_one_in_block	144	static
rawnand_boot1.c:150:5:rawnand_write_uboot_one_in_many_block	160	static
rawnand_boot1.c:336:5:rawnand_read_uboot_one_in_block	144	static
rawnand_boot1.c:427:5:rawnand_read_uboot_one_in_many_block	144	static
rawnand_boot1.c:581:5:rawnand_read_uboot_one	24	static
rawnand_boot1.c:605:5:rawnand_get_param	24	static
rawnand_boot1.c:670:5:rawnand_get_param_for_uboottail	8	static
rawnand_boot1.c:700:7:RAWNAND_SetPhyArch_V3	0	static
rawnand_boot1.c:735:5:RAWNAND_UpdatePhyArch	24	static
rawnand_boot1.c:811:5:rawnand_is_blank	120	static
rawnand_boot1.c:865:5:nand_check_bad_block_before_first_erase	8	static
rawnand_boot1.c:890:5:rawnand_erase_chip	72	static
rawnand_boot1.c:947:6:rawnand_erase_special_block	128	static
rawnand_boot1.c:1014:5:rawnand_uboot_erase_all_chip	32	static
rawnand_boot1.c:1054:5:rawnand_dragonborad_test_one	128	static
rawnand_boot1.c:1126:5:change_uboot_start_block	8	static
rawnand_boot1.c:1155:5:rawnand_physic_info_get_one_copy	168	static
rawnand_boot1.c:1262:5:rawnand_add_len_to_uboot_tail	16	static
rawnand_boot1.c:307:5:rawnand_write_uboot_one	32	static
rawnand_boot1.c:1301:5:set_hynix_special_info	24	static
