rawnand_chip.c:57:5:nci_add_to_nsi	0	static
rawnand_chip.c:80:6:nci_delete_from_nsi	24	static
rawnand_chip.c:92:6:delete_nsi	0	static
rawnand_chip.c:105:5:nsci_add_to_nssi	8	static
rawnand_chip.c:129:5:nsci_delete_from_nssi	8	static
rawnand_chip.c:154:5:delete_nssi	8	static
rawnand_chip.c:178:5:nci_add_to_nctri	0	static
rawnand_chip.c:201:6:nci_delete_from_nctri	16	static
rawnand_chip.c:219:24:nci_get_from_nctri	0	static
rawnand_chip.c:237:24:nci_get_from_nsi	0	static
rawnand_chip.c:255:30:nsci_get_from_nssi	0	static
rawnand_chip.c:274:5:init_nci_from_id	16	static
rawnand_chip.c:373:5:init_nsci_from_nctri	24	static
rawnand_chip.c:505:6:nand_enable_chip	16	static
rawnand_chip.c:521:6:nand_disable_chip	8	static
rawnand_chip.c:537:5:nand_reset_chip	16	static
rawnand_chip.c:567:5:nand_sync_reset_chip	16	static
rawnand_chip.c:597:5:nand_first_reset_chip	16	static
rawnand_chip.c:639:5:nand_read_chip_status	24	static
rawnand_chip.c:678:5:nand_read_chip_status_ready	24	static
rawnand_chip.c:718:5:is_chip_rb_ready	0	static
rawnand_chip.c:733:5:nand_read_id	24	static
rawnand_chip.c:770:5:rawnand_read_parameter_page	24	static
rawnand_chip.c:815:5:nand_first_read_id	24	static
rawnand_chip.c:859:5:nand_get_feature	24	static
rawnand_chip.c:903:5:nand_set_feature	24	static
rawnand_chip.c:947:14:get_row_addr	8	static
rawnand_chip.c:977:5:fill_cmd_addr	16	static
rawnand_chip.c:1001:6:set_default_batch_read_cmd_seq	0	static
rawnand_chip.c:1026:6:set_default_batch_write_cmd_seq	8	static
rawnand_chip.c:1049:5:_cal_nand_onfi_timing_mode	8	static
rawnand_chip.c:1118:5:_change_nand_onfi_timing_mode	16	static
rawnand_chip.c:1171:5:_setup_ddr_nand_force_to_sdr_para	16	static
rawnand_chip.c:1213:5:_check_scan_data	128	static
rawnand_chip.c:1281:5:_change_all_nand_parameter	32	static
rawnand_chip.c:1398:5:_get_right_timing_para	136	static
rawnand_chip.c:1674:5:set_cmd_with_nand_bus	48	static
rawnand_chip.c:1751:5:get_data_with_nand_bus_one_cmd	32	static
rawnand_chip.c:1826:5:set_one_cmd	32	static
rawnand_chip.c:1844:5:set_one_addr	32	static
rawnand_chip.c:1862:5:switch_ddrtype_from_ddr_to_sdr	16	static
rawnand_chip.c:1899:5:get_dummy_byte	24	static
rawnand_chip.c:1920:5:get_random_cmd2	8	static
rawnand_chip.c:1932:5:get_data_block_cnt	0	static
rawnand_chip.c:1951:5:get_data_block_cnt_for_boot0_ecccode	24	static
rawnand_chip.c:1978:5:nand_reset_super_chip	0	static
rawnand_chip.c:1990:5:nand_read_super_chip_status	0	static
rawnand_chip.c:2002:5:is_super_chip_rb_ready	0	static
rawnand_chip.c:2014:5:nand_wait_all_rb_ready	16	static
rawnand_chip.c:2027:7:rawnand_get_chip_name	0	static
rawnand_chip.c:2033:6:rawnand_get_chip_id	0	static
rawnand_chip.c:2040:14:rawnand_get_chip_die_cnt	0	static
rawnand_chip.c:2046:5:rawnand_get_chip_page_size	8	static
rawnand_chip.c:2062:5:rawnand_get_chip_block_size	8	static
rawnand_chip.c:2081:5:rawnand_get_chip_die_size	8	static
rawnand_chip.c:2102:20:rawnand_get_chip_opt	0	static
rawnand_chip.c:2108:14:rawnand_get_chip_ddr_opt	0	static
rawnand_chip.c:2114:14:rawnand_get_chip_ecc_mode	0	static
rawnand_chip.c:2120:14:rawnand_get_chip_freq	0	static
rawnand_chip.c:2127:14:rawnand_get_chip_multi_plane_block_offset	0	static
rawnand_chip.c:2132:14:rawnand_get_chip_cnt	0	static
rawnand_chip.c:2138:14:rawnand_get_muti_program_flag	0	static
rawnand_chip.c:2145:14:rawnand_get_super_chip_cnt	8	static
rawnand_chip.c:2155:14:rawnand_get_super_chip_size	8	static
rawnand_chip.c:2164:14:rawnand_get_super_chip_block_size	8	static
rawnand_chip.c:2173:14:rawnand_get_super_chip_page_size	8	static
rawnand_chip.c:2182:14:rawnand_get_super_chip_page_offset_to_block	8	static
rawnand_chip.c:2191:14:rawnand_get_super_chip_spare_size	8	static
rawnand_chip.c:2257:5:rawnand_chips_init	72	static
rawnand_chip.c:2343:6:rawnand_chip_special_init	0	static
rawnand_chip.c:2392:6:rawnand_chip_special_exit	0	static
rawnand_chip.c:2451:5:rawnand_sp_chips_init	48	static
rawnand_chip.c:2566:6:rawnand_chips_cleanup	0	static
rawnand_chip.c:2578:5:rawnand_chips_super_standby	0	static
rawnand_chip.c:2590:5:rawnand_chips_super_resume	0	static
rawnand_chip.c:2602:5:rawnand_chips_normal_standby	0	static
rawnand_chip.c:2614:5:rawnand_chips_normal_resume	0	static
