rawnand_base.c:124:5:write_nand_structure	144	static
rawnand_base.c:246:7:rawnand_get_lsb_block_size	16	static
rawnand_base.c:260:7:rawnand_get_lsb_pages	16	static
rawnand_base.c:274:7:rawnand_get_phy_block_size	0	static
rawnand_base.c:282:7:rawnand_used_lsb_pages	16	static
rawnand_base.c:300:5:rawnand_get_pageno	24	static
rawnand_base.c:316:7:rawnand_get_page_cnt_per_block	0	static
rawnand_base.c:321:7:rawnand_get_pae_size	0	static
rawnand_base.c:326:7:rawnand_get_twoplane_flag	0	static
rawnand_base.c:331:14:rawnand_get_support_v_interleave_flag	8	static
rawnand_base.c:341:14:rawnand_get_support_dual_channel	8	static
rawnand_base.c:351:5:nand_read_scan_data	0	static
rawnand_base.c:362:5:rawnand_physic_erase_block	48	static
rawnand_base.c:384:5:rawnand_physic_read_boot0_page	48	static
rawnand_base.c:411:5:rawnand_physic_read_page	56	static
rawnand_base.c:443:5:rawnand_physic_write_page	56	static
rawnand_base.c:471:5:rawnand_physic_bad_block_check	40	static
rawnand_base.c:496:5:rawnand_physic_bad_block_mark	40	static
rawnand_base.c:521:5:rawnand_physic_erase_super_block	40	static
rawnand_base.c:547:5:rawnand_physic_read_super_page	56	static
rawnand_base.c:574:5:rawnand_physic_write_super_page	56	static
rawnand_base.c:601:5:rawnand_physic_super_bad_block_check	48	static
rawnand_base.c:628:5:rawnand_physic_super_bad_block_mark	48	static
rawnand_base.c:655:5:nand_write_data_in_whole_block	144	static
rawnand_base.c:849:5:nand_get_dma_desc	8	static
rawnand_base.c:934:5:nand_free_dma_desc	8	static
rawnand_base.c:950:5:nand_init_temp_buf	16	static
rawnand_base.c:869:5:init_parameter	24	static
rawnand_base.c:988:5:nand_exit_temp_buf	16	static
rawnand_base.c:1013:5:nand_get_temp_buf	24	static
rawnand_base.c:1070:5:nand_free_temp_buf	16	static
rawnand_base.c:50:5:read_nand_structure	136	static
rawnand_base.c:785:5:get_nand_structure	32	static
rawnand_base.c:197:5:set_nand_structure	32	static
rawnand_base.c:709:5:nand_read_data_in_whole_block	144	static
rawnand_base.c:761:5:rawnand_physic_block_copy	120	static
rawnand_base.c:1110:6:rawnand_delete_storage_info	8	static
rawnand_base.c:1118:5:rawnand_storage_init	24	static
rawnand_base.c:1158:5:rawnand_special_init	8	static
rawnand_base.c:1177:5:rawnand_special_exit	8	static
rawnand_base.c:1199:6:nand_cfg_setting	8	static
rawnand_base.c:1220:5:nand_physic_init	0	static
rawnand_base.c:1280:5:nand_physic_exit	16	static
rawnand_base.c:1319:6:init_list_head	0	static
rawnand_base.c:1486:5:rawnand_hw_init	40	static
rawnand_base.c:1563:6:rawnand_set_nand_info_data	8	static
rawnand_base.c:1618:20:RawNandHwInit	16	static
rawnand_base.c:1662:5:RawNandHwExit	8	static
rawnand_base.c:1682:5:RawNandHwSuperStandby	16	static
rawnand_base.c:1711:5:RawNandHwSuperResume	24	static
rawnand_base.c:1786:5:RawNandHwNormalStandby	8	static
rawnand_base.c:1800:5:RawNandHwNormalResume	8	static
rawnand_base.c:1813:5:RawNandHwShutDown	8	static
