rawnand_ops.c:224:5:generic_read_page_end_not_retry	96	static
rawnand_ops.c:42:5:generic_erase_block_start	48	static
rawnand_ops.c:98:5:generic_erase_block	16	static
rawnand_ops.c:125:5:generic_read_page_start	176	static
rawnand_ops.c:267:5:generic_read_page_end	24	static
rawnand_ops.c:291:5:generic_read_page	48	static
rawnand_ops.c:853:5:generic_bad_block_check	128	static
rawnand_ops.c:332:5:generic_write_page_start	112	static
rawnand_ops.c:452:5:generic_write_page_end	32	static
rawnand_ops.c:486:5:generic_write_page	48	static
rawnand_ops.c:925:5:generic_bad_block_mark	152	static
rawnand_ops.c:528:5:generic_read_two_plane_page_start	40	static
rawnand_ops.c:580:5:generic_read_two_plane_page_end	0	static
rawnand_ops.c:690:5:generic_read_two_plane_page	144	static
rawnand_ops.c:786:5:generic_write_two_plane_page	136	static
rawnand_ops.c:1034:5:nand_phy_get_page_type	0	static
rawnand_ops.c:1051:5:nand_phy_low_page_write_cache_set	24	static
rawnand_ops.c:1105:29:nand_phy_low_page_cache_get_for_write	16	static
rawnand_ops.c:1127:5:nand_phy_low_page_write_cache_cancle	12	static
rawnand_ops.c:1146:5:nand_phy_low_page_cache_get_for_read	24	static
rawnand_ops.c:1180:5:generic_rw_page	0	static
rawnand_ops.c:1206:5:generic_use_chip_function	128	static
rawnand_ops.c:1753:5:generic_erase_super_block	0	static
rawnand_ops.c:1801:5:generic_super_bad_block_check	0	static
rawnand_ops.c:1818:5:generic_super_bad_block_mark	0	static
rawnand_ops.c:1335:5:generic_rw_use_chip_function	168	static
rawnand_ops.c:1769:5:generic_read_super_page	0	static
rawnand_ops.c:1785:5:generic_write_super_page	0	static
