rawnand_boot0.c:23:5:_cal_sum	16	static
rawnand_boot0.c:44:7:check_sum	20	static
rawnand_boot0.c:85:5:_generate_page_map_tab	40	static
rawnand_boot0.c:204:5:_get_read_retry_table	24	static
rawnand_boot0.c:1033:5:hynix16nm_4G_write_boot0_one	184	static
rawnand_boot0.c:1229:5:hynix20nm_write_boot0_one	176	static
rawnand_boot0.c:1430:5:hynix26nm_write_boot0_one	176	static
rawnand_boot0.c:250:5:generic_write_boot0_one_pagetab_4k	184	static
rawnand_boot0.c:415:5:generic_write_boot0_one_1k_mode	136	static
rawnand_boot0.c:497:5:generic_write_boot0_one	24	static
rawnand_boot0.c:517:5:generic_read_boot0_page_cfg_mode	264	static
rawnand_boot0.c:673:5:generic_read_boot0_page	16	static
rawnand_boot0.c:691:5:generic_write_boot0_page_cfg_mode	136	static
rawnand_boot0.c:838:5:generic_write_boot0_page	16	static
rawnand_boot0.c:851:5:generic_read_boot0_one_pagetab_4k	144	static
rawnand_boot0.c:928:5:generic_read_boot0_one_1k_mode	144	static
rawnand_boot0.c:1014:5:generic_read_boot0_one	24	static
rawnand_boot0.c:1639:5:rawnand_write_boot0_one	0	static
rawnand_boot0.c:1655:5:rawnand_read_boot0_one	0	static
rawnand_boot0.c:1676:6:selected_write_boot0_one	0	static
