usb_base_platform.c:630:13:__usb_bulk_ep_reset	24	static
usb_base_platform.c:668:12:__usb_read_ep0_data	24	static
usb_base_platform.c:591:13:__usb_writecomplete.constprop	16	static
usb_base_platform.c:87:12:get_fastboot_data_flag	0	static
usb_base_platform.c:93:13:set_usb_burn_boot_init_flag	0	static
usb_base_platform.c:119:6:sunxi_usb_irq	48	static
usb_base_platform.c:99:13:otg_phy_config	0	static
usb_base_platform.c:258:5:sunxi_usb_init	32	static
usb_base_platform.c:422:5:sunxi_usb_exit	8	static
usb_base_platform.c:881:6:sunxi_udc_ep_reset	0	static
usb_base_platform.c:901:5:sunxi_udc_start_recv_by_dma	24	static
usb_base_platform.c:941:6:sunxi_udc_send_setup	16	static
usb_base_platform.c:973:5:sunxi_udc_set_configuration	0	static
usb_base_platform.c:993:5:sunxi_udc_set_address	8	static
usb_base_platform.c:1015:5:sunxi_udc_send_data	32	static
usb_base_platform.c:1037:5:sunxi_udc_get_ep_max	0	static
usb_base_platform.c:1057:5:sunxi_udc_get_ep_in_type	0	static
usb_base_platform.c:1077:5:sunxi_udc_get_ep_out_type	0	static
usb_base_platform.c:1458:6:sunxi_usb_main_loop	16	static
usb_base_platform.c:1508:5:sunxi_usb_extern_loop	0	static
