usb_fastboot.c:1516:13:sunxi_fastboot_reset	0	static
usb_fastboot.c:1644:12:sunxi_fastboot_nonstandard_req_op	0	static
usb_fastboot.c:1559:13:sunxi_fastboot_usb_tx_dma_isr	0	static
usb_fastboot.c:1537:13:sunxi_fastboot_usb_rx_dma_isr	0	static
usb_fastboot.c:503:12:erase_userdata	136	static
usb_fastboot.c:1491:12:sunxi_fastboot_exit	8	static
usb_fastboot.c:450:12:__sunxi_fastboot_send_status	0	static
usb_fastboot.c:472:12:__fastboot_reboot	24	static
usb_fastboot.c:1667:13:__limited_fastboot	72	static
usb_fastboot.c:1579:12:sunxi_fastboot_standard_req_op	40	static
usb_fastboot.c:1441:12:sunxi_fastboot_init	16	static
usb_fastboot.c:44:5:get_fastboot_data_flag	0	static
usb_fastboot.c:49:27:sunxi_secure_storage_init	0	static
usb_fastboot.c:54:27:sunxi_secure_storage_exit	0	static
usb_fastboot.c:60:1:sunxi_secure_object_read	0	static
usb_fastboot.c:67:1:sunxi_secure_object_write	0	static
usb_fastboot.c:1189:12:sunxi_fastboot_write_status_flag	16	static
usb_fastboot.c:1122:5:sunxi_oem_op_lock	80	static
usb_fastboot.c:1697:5:sunxi_fastboot_status_read	560	static
usb_fastboot.c:1740:12:sunxi_fastboot_status	8	static
usb_fastboot.c:1767:12:sunxi_fastboot_state_loop	2328	static
