usb_burn.c:909:13:sunxi_pburn_reset	0	static
usb_burn.c:930:14:sunxi_pburn_usb_rx_dma_isr	0	static
usb_burn.c:952:14:sunxi_pburn_usb_tx_dma_isr	0	static
usb_burn.c:877:12:sunxi_pburn_exit	8	static
usb_burn.c:1045:12:sunxi_pburn_nonstandard_req_op	8	static
usb_burn.c:975:12:sunxi_pburn_standard_req_op	40	static
usb_burn.c:831:12:sunxi_pburn_init	16	static
usb_burn.c:1081:13:sunxi_usb_burn_private_partition.isra.2.constprop	544	static
usb_burn.c:23:5:sunxi_key_ladder_verify_rotpk_hash	8	static
usb_burn.c:30:5:smc_set_sst_crypt_name	8	static
usb_burn.c:37:5:sunxi_verify_rotpk_hash	8	static
usb_burn.c:44:5:sunxi_deal_hdcp_key	8	static
usb_burn.c:51:5:sunxi_secure_object_down	8	static
usb_burn.c:59:5:sunxi_efuse_write	8	static
usb_burn.c:66:5:sunxi_efuse_read	8	static
usb_burn.c:93:27:sunxi_keybox_has_key	8	static
usb_burn.c:99:6:set_usb_burn_boot_init_flag	0	static
usb_burn.c:497:5:__sunxi_burn_key	120	static
usb_burn.c:665:5:__sunxi_read_key_by_name	4136	static
usb_burn.c:753:5:__sunxi_erase_key	8	static
usb_burn.c:793:5:__sunxi_burn_flag	8	static
usb_burn.c:1314:12:sunxi_pburn_state_loop	64	static
