usbc.c:50:7:USBC_GetVbusStatus	0	static
usbc.c:101:6:USBC_OTG_SelectMode	0	static
usbc.c:134:7:USBC_ReadLenFromFifo	0	static
usbc.c:181:7:USBC_WritePacket	8	static
usbc.c:250:7:USBC_ReadPacket	12	static
usbc.c:286:6:USBC_ConfigFIFO_Base	0	static
usbc.c:309:7:USBC_GetPortFifoStartAddr	0	static
usbc.c:327:7:USBC_GetPortFifoSize	0	static
usbc.c:405:7:USBC_SelectFIFO	0	static
usbc.c:443:6:__USBC_ConfigFifo_TxEp	8	static
usbc.c:472:6:__USBC_ConfigFifo_RxEp_Default	0	static
usbc.c:499:6:__USBC_ConfigFifo_RxEp	8	static
usbc.c:547:6:USBC_ConfigFifo_Default	0	static
usbc.c:595:6:USBC_ConfigFifo	4	static
usbc.c:639:7:USBC_GetLastFrameNumber	0	static
usbc.c:669:7:USBC_GetStatus_Dp	0	static
usbc.c:704:7:USBC_GetStatus_Dm	0	static
usbc.c:739:7:USBC_GetStatus_DpDm	0	static
usbc.c:776:7:USBC_GetOtgMode_Form_ID	0	static
usbc.c:811:7:USBC_GetOtgMode_Form_BDevice	0	static
usbc.c:849:6:USBC_SelectBus	8	static
usbc.c:948:7:USBC_INT_EpPending	0	static
usbc.c:970:6:USBC_INT_ClearEpPending	0	static
usbc.c:996:6:USBC_INT_ClearEpPendingAll	0	static
usbc.c:1022:7:USBC_INT_MiscPending	0	static
usbc.c:1034:6:USBC_INT_ClearMiscPending	0	static
usbc.c:1046:6:USBC_INT_ClearMiscPendingAll	0	static
usbc.c:1058:6:USBC_INT_EnableEp	0	static
usbc.c:1083:6:USBC_INT_EnableUsbMiscUint	0	static
usbc.c:1098:6:USBC_INT_DisableEp	0	static
usbc.c:1123:6:USBC_INT_DisableUsbMiscUint	0	static
usbc.c:1138:6:USBC_INT_DisableEpAll	0	static
usbc.c:1163:6:USBC_INT_DisableUsbMiscAll	0	static
usbc.c:1175:7:USBC_GetActiveEp	0	static
usbc.c:1187:6:USBC_SelectActiveEp	0	static
usbc.c:1199:6:USBC_EnhanceSignal	0	static
usbc.c:1212:6:USBC_EnterMode_TestPacket	0	static
usbc.c:1224:6:USBC_EnterMode_Test_K	0	static
usbc.c:1236:6:USBC_EnterMode_Test_J	0	static
usbc.c:1248:6:USBC_EnterMode_Test_SE0_NAK	0	static
usbc.c:1260:6:USBC_EnterMode_Idle	0	static
usbc.c:1286:6:USBC_SetWakeUp_Default	0	static
usbc.c:1292:6:USBC_EnableIdPullUp	0	static
usbc.c:1304:6:USBC_DisableIdPullUp	0	static
usbc.c:1316:6:USBC_EnableDpDmPullUp	0	static
usbc.c:1328:6:USBC_DisableDpDmPullUp	0	static
usbc.c:1376:6:USBC_ForceId	0	static
usbc.c:1430:6:USBC_ForceVbusValid	0	static
usbc.c:1448:6:USBC_A_valid_InputSelect	0	static
usbc.c:1454:6:USBC_EnableUsbLineStateBypass	0	static
usbc.c:1460:6:USBC_DisableUsbLineStateBypass	0	static
usbc.c:1466:6:USBC_EnableHosc	0	static
usbc.c:1478:6:USBC_DisableHosc	0	static
usbc.c:1490:7:USBC_IsVbusChange	0	static
usbc.c:1509:7:USBC_IsIdChange	0	static
usbc.c:1528:7:USBC_IsDpDmChange	0	static
usbc.c:1547:6:USBC_DisableWakeIrq	0	static
usbc.c:1559:6:USBC_DisableVbusChange	0	static
usbc.c:1571:6:USBC_DisableIdChange	0	static
usbc.c:1583:6:USBC_DisableDpDmChange	0	static
usbc.c:1595:6:USBC_EnableWakeIrq	0	static
usbc.c:1607:6:USBC_EnableVbusChange	0	static
usbc.c:1619:6:USBC_EnableIdChange	0	static
usbc.c:1631:6:USBC_EnableDpDmChange	0	static
usbc.c:1643:7:USBC_TestMode_ReadReg	0	static
usbc.c:1767:6:USBC_PrintAllReg	40	static
usbc.c:1833:8:USBC_open_otg	8	static
usbc.c:1872:8:USBC_close_otg	8	static
usbc.c:1905:7:USBC_init	0	static
usbc.c:1956:7:USBC_exit	8	static
