usbc_dev.c:34:13:__USBC_Dev_TsType_default	0	static
usbc_dev.c:515:6:USBC_Dev_SetAddress_default	0	static
usbc_dev.c:545:6:USBC_Dev_SetAddress	0	static
usbc_dev.c:556:7:USBC_Dev_QueryTransferMode	0	static
usbc_dev.c:591:6:USBC_Dev_ConfigTransferMode	8	static
usbc_dev.c:660:6:USBC_Dev_ConectSwitch	0	static
usbc_dev.c:693:7:USBC_Dev_QueryPowerStatus	0	static
usbc_dev.c:726:7:USBC_Dev_ConfigEp	8	static
usbc_dev.c:773:7:USBC_Dev_ConfigEp_Default	0	static
usbc_dev.c:820:7:USBC_Dev_ConfigEpDma	0	static
usbc_dev.c:875:7:USBC_Dev_ClearEpDma	0	static
usbc_dev.c:930:7:USBC_Dev_IsEpStall	0	static
usbc_dev.c:977:7:USBC_Dev_EpSendStall	0	static
usbc_dev.c:1024:7:USBC_Dev_EpClearStall	0	static
usbc_dev.c:1069:7:USBC_Dev_Ctrl_IsSetupEnd	0	static
usbc_dev.c:1097:6:USBC_Dev_Ctrl_ClearSetupEnd	0	static
usbc_dev.c:1221:7:USBC_Dev_WriteDataStatus	0	static
usbc_dev.c:1256:7:USBC_Dev_ReadDataStatus	0	static
usbc_dev.c:1289:7:USBC_Dev_IsReadDataReady	0	static
usbc_dev.c:1333:7:USBC_Dev_IsWriteDataReady	0	static
usbc_dev.c:1359:7:USBC_Dev_IsWriteDataReady_FifoEmpty	0	static
usbc_dev.c:1390:7:USBC_Dev_IsoUpdateEnable	0	static
usbc_dev.c:1419:6:USBC_Dev_FlushFifo	0	static
