i2c.c:1998:12:do_i2c	24	static
i2c.c:1856:12:do_i2c_bus_speed	8	static
i2c.c:1928:12:do_i2c_reset	8	static
i2c.c:948:12:do_i2c_probe	24	static
i2c.c:1805:12:do_i2c_bus_num	8	static
i2c.c:1718:12:do_i2c_show_bus	24	static
i2c.c:249:13:get_alen.constprop	0	static
i2c.c:715:12:do_i2c_crc	48	static
i2c.c:800:1:mod_i2c_mem.isra.3	48	static
i2c.c:1914:12:do_i2c_nm	0	static
i2c.c:1899:12:do_i2c_mm	0	static
i2c.c:510:12:do_i2c_md	72	static
i2c.c:291:12:do_i2c_read	32	static
i2c.c:629:12:do_i2c_mw	40	static
i2c.c:344:12:do_i2c_write	40	static
i2c.c:1023:12:do_i2c_loop	56	static
i2c.c:192:6:i2c_init_board	0	static
