nvedit.c:818:12:do_env_delete	24	static
nvedit.c:1133:12:do_env_exists	48	static
nvedit.c:743:12:do_env_save	8	static
nvedit.c:1196:12:do_env	24	static
nvedit.c:85:12:env_print	56	static
nvedit.c:116:12:do_env_print	24	static
nvedit.c:1020:12:do_env_import	56	static
nvedit.c:781:12:do_env_default	16	static
nvedit.c:213:12:_do_env_set.isra.0	72	static
nvedit.c:375:12:do_env_set	0	static
nvedit.c:74:5:get_env_id	0	static
nvedit.c:285:5:env_set	24	static
nvedit.c:306:5:env_set_ulong	8	static
nvedit.c:321:5:env_set_hex	32	static
nvedit.c:899:12:do_env_export	96	static
nvedit.c:344:6:eth_parse_enetaddr	24	static
nvedit.c:765:5:envmatch	24	static
nvedit.c:681:5:env_get_f	32	static
nvedit.c:657:7:env_get	48	static
nvedit.c:329:7:env_get_hex	24	static
nvedit.c:356:5:eth_env_get_enetaddr	8	static
nvedit.c:362:5:eth_env_set_enetaddr	40	static
nvedit.c:730:7:env_get_ulong	16	static
nvedit.c:615:12:do_env_edit.part.3	1056	static
nvedit.c:615:12:do_env_edit	0	static
