log.h:360:19:log_init	0	static
board_r.c:100:12:initr_trace	0	static
board_r.c:186:12:initr_reloc_global_data	0	static
board_r.c:772:12:sunxi_close_ce	0	static
board_r.c:781:12:run_main_loop	8	static
board_r.c:547:12:sunxi_burn_key	8	static
board_r.c:584:12:initr_env	8	static
board_r.c:499:12:initr_sunxi_plat	8	static
board_r.c:629:12:initr_enable_interrupts	8	static
board_r.c:612:12:initr_jumptable	8	static
board_r.c:233:12:initr_serial	8	static
board_r.c:372:12:initr_bootstage	8	static
board_r.c:299:12:initr_malloc	8	static
board_r.c:154:12:initr_reloc	8	static
board_r.c:836:5:mute_key_jump_fel	24	static
bootstage.h:367:19:bootstage_relocate	0	static
board_r.c:290:12:initr_barrier	0	static
board_r.c:314:12:initr_console_record	0	static
board_r.c:379:12:power_init_board	0	static
board_r.c:384:12:initr_announce	0	static
board_r.c:487:12:initr_mmc	0	static
board_r.c:72:12:board_flash_wp_on	0	static
board_r.c:82:13:cpu_secondary_init_r	0	static
board_r.c:86:12:initr_secondary_cpu	8	static
board_r.c:165:13:smp_init	0	static
board_r.c:172:12:initr_caches	8	static
board_r.c:181:12:fixup_cpu	0	static
board_r.c:1082:6:board_init_r	8	static
