log.h:360:19:log_init	0	static
board_f.c:124:12:display_text_info	0	static
board_f.c:220:12:setup_mon_len	0	static
board_f.c:241:12:arch_cpu_init	0	static
board_f.c:324:12:reserve_round_4k	0	static
board_f.c:331:12:reserve_mmu	0	static
board_f.c:401:12:reserve_uboot	0	static
board_f.c:423:12:reserve_malloc	0	static
board_f.c:452:12:reserve_global_data	0	static
board_f.c:179:12:dram_init_banksize	8	static
board_f.c:613:12:reloc_fdt	8	static
board_f.c:645:12:setup_reloc	8	static
board_f.c:145:12:announce_dram_init	8	static
board_f.c:477:12:reserve_fdt	16	static
board_f.c:432:12:reserve_board	8	static
board_f.c:190:12:init_func_i2c	8	static
board_f.c:118:12:init_baud_rate	8	static
board_f.c:716:12:initf_bootstage	8	static
board_f.c:776:12:arch_cpu_init_dm	0	static
board_f.c:246:12:mach_cpu_init	0	static
board_f.c:358:12:reserve_video	0	static
board_f.c:389:12:reserve_trace	0	static
board_f.c:444:12:setup_machine	0	static
board_f.c:507:12:reserve_bootstage	0	static
board_f.c:539:12:display_new_sp	0	static
board_f.c:627:12:reloc_bootstage	0	static
board_f.c:741:12:initf_console_record	0	static
board_f.c:750:12:initf_dm	0	static
board_f.c:771:12:reserve_arch	0	static
board_f.c:68:13:coloured_LED_init	0	static
board_f.c:69:13:red_led_on	0	static
board_f.c:70:13:red_led_off	0	static
board_f.c:71:13:green_led_on	0	static
board_f.c:72:13:green_led_off	0	static
board_f.c:73:13:yellow_led_on	0	static
board_f.c:74:13:yellow_led_off	0	static
board_f.c:75:13:blue_led_on	0	static
board_f.c:76:13:blue_led_off	0	static
board_f.c:113:13:board_add_ram_info	0	static
board_f.c:151:12:show_dram_config	8	static
board_f.c:252:14:board_get_usable_ram_top	0	static
board_f.c:269:12:setup_dest_addr	8	static
board_f.c:521:12:arch_reserve_stacks	0	static
board_f.c:526:12:reserve_stacks	0	static
board_f.c:926:6:board_init_f	8	static
