console.c:198:12:console_tstc	32	static
console.c:220:13:console_putc	24	static
console.c:244:13:console_puts	24	static
console.c:470:13:pre_console_putc	0	static
console.c:27:12:on_console	24	static
console.c:295:5:serial_printf	1040	static
console.c:188:12:console_getc.isra.0	8	static
console.c:543:6:putc	8	static
console.c:412:5:getc	8	static
console.c:440:5:tstc	0	static
console.c:588:6:puts	8	static
console.c:512:13:print_pre_console_buffer	4128	static
console.c:313:5:fgetc	16	static
console.c:345:5:ftstc	0	static
console.c:353:6:fputc	0	static
console.c:359:6:fputs	0	static
console.c:365:5:uprintf	2068	static
console.c:391:5:fprintf	1044	static
console.c:658:5:ctrlc	8	static
console.c:679:5:confirm_yesno	16	static
console.c:706:5:disable_ctrlc	0	static
console.c:714:5:had_ctrlc	0	static
console.c:719:6:clear_ctrlc	0	static
console.c:726:19:search_device	8	static
console.c:742:5:console_assign	16	static
console.c:780:5:console_announce_r	0	static
console.c:794:5:console_init_f	16	static
console.c:810:6:stdio_print_current_devices	0	static
console.c:837:5:console_init_r	32	static
