fdt_support.c:1111:12:of_bus_default_map	28	static
fdt_support.c:1638:12:fdt_read_prop	16	static
fdt_support.c:1128:12:of_bus_default_translate	32	static
fdt_support.c:1094:6:fdt_support_default_count_cells	24	static
fdt_support.c:32:5:fdt_getprop_u32_default_node	24	static
fdt_support.c:62:5:fdt_getprop_u32_default	24	static
fdt_support.c:83:5:fdt_getprop_u32	16	static
fdt_support.c:116:5:fdt_getprop_u64	24	static
fdt_support.c:149:5:fdt_getprop_string	16	static
fdt_support.c:179:5:fdt_find_and_setprop	32	static
fdt_support.c:203:5:fdt_find_or_add_subnode	24	static
fdt_support.c:281:5:fdt_root	24	static
fdt_support.c:307:5:fdt_initrd	72	static
fdt_support.c:367:5:fdt_chosen	24	static
fdt_support.c:398:6:do_fixup_by_path	24	static
fdt_support.c:414:6:do_fixup_by_path_u32	24	static
fdt_support.c:421:6:do_fixup_by_prop	40	static
fdt_support.c:442:6:do_fixup_by_prop_u32	40	static
fdt_support.c:450:6:do_fixup_by_compat	40	static
fdt_support.c:469:6:do_fixup_by_compat_u32	24	static
fdt_support.c:510:5:fdt_fixup_memory_banks	64	static
fdt_support.c:570:5:fdt_fixup_memory	16	static
fdt_support.c:575:6:fdt_fixup_ethernet	80	static
fdt_support.c:653:5:fdt_record_loadable	48	static
fdt_support.c:693:5:fdt_shrink_to_minimum	56	static
fdt_support.c:806:5:fdt_increase_size	0	static
fdt_support.c:1020:6:fdt_del_node_and_alias	16	static
fdt_support.c:1372:5:fdt_translate_address	96	static
fdt_support.c:1387:5:fdt_node_offset_by_compat_reg	40	static
fdt_support.c:1408:5:fdt_alloc_phandle	16	static
fdt_support.c:1428:5:fdt_set_phandle	40	static
fdt_support.c:1467:14:fdt_create_phandle	16	static
fdt_support.c:1497:5:fdt_set_node_status	40	static
fdt_support.c:1538:5:fdt_set_status_by_alias	16	static
fdt_support.c:1584:5:fdt_verify_alias_address	48	static
fdt_support.c:1625:5:fdt_get_base_address	24	static
fdt_support.c:1674:5:fdt_read_range	56	static
fdt_support.c:1742:5:fdt_setup_simplefb_node	104	static
fdt_support.c:1795:5:fdt_fixup_display	40	static
fdt_support.c:1830:5:fdt_overlay_apply_verbose	16	static
