image.c:445:12:on_loadaddr	8	static
image.c:195:5:image_check_hcrc	72	static
image.c:210:5:image_check_dcrc	8	static
image.c:232:7:image_multi_count	0	static
image.c:265:6:image_multi_getimg	24	static
image.c:461:7:env_get_bootm_low	8	static
image.c:478:13:env_get_bootm_size	24	static
image.c:505:13:env_get_bootm_mapsize	8	static
image.c:521:6:memmove_wd	0	static
image.c:551:6:genimg_print_size	8	static
image.c:579:22:get_table_entry	0	static
image.c:700:20:genimg_get_short_name	8	static
image.c:610:13:genimg_get_cat_name	16	static
image.c:634:13:genimg_get_cat_short_name	16	static
image.c:648:5:genimg_get_cat_count	0	static
image.c:653:13:genimg_get_cat_desc	0	static
image.c:672:7:get_table_entry_name	8	static
image.c:684:13:genimg_get_os_name	0	static
image.c:689:13:genimg_get_arch_name	0	static
image.c:695:13:genimg_get_type_name	0	static
image.c:712:13:genimg_get_type_short_name	0	static
image.c:717:13:genimg_get_comp_name	0	static
image.c:325:6:image_print_contents	40	static
image.c:723:13:genimg_get_comp_short_name	0	static
image.c:728:13:genimg_get_os_short_name	0	static
image.c:733:13:genimg_get_arch_short_name	0	static
image.c:752:5:get_table_entry_id	16	static
image.c:770:5:genimg_get_os_id	0	static
image.c:775:5:genimg_get_arch_id	0	static
image.c:780:5:genimg_get_type_id	0	static
image.c:785:5:genimg_get_comp_id	0	static
image.c:806:7:genimg_get_kernel_addr_fit	0	static
image.c:840:7:genimg_get_kernel_addr	16	static
image.c:863:5:genimg_get_format	8	static
image.c:895:5:genimg_has_config	0	static
image.c:926:5:boot_get_ramdisk	40	static
image.c:1135:5:boot_ramdisk_high	48	static
image.c:1210:5:boot_get_setup	0	static
image.c:1482:5:image_setup_linux	16	static
