sprite_draw.c:38:5:sprite_cartoon_ui_draw_hollowrectangle	24	static
sprite_draw.c:110:5:sprite_cartoon_ui_draw_solidrectangle	32	static
sprite_draw.c:178:5:sprite_cartoon_ui_draw_line	56	static
sprite_draw.c:304:5:sprite_cartoon_ui_draw_lineto	16	static
sprite_draw.c:333:5:sprite_cartoon_ui_draw_point	12	static
sprite_draw.c:366:5:sprite_cartoon_ui_set_color	0	static
sprite_draw.c:388:5:sprite_cartoon_ui_get_color	0	static
sprite_draw.c:408:5:sprite_cartoon_ui_moveto	0	static
sprite_draw.c:436:5:sprite_cartoon_ui_clear	8	static
