spinand_boot.c:54:5:spinand_write_boot0_one	144	static
spinand_boot.c:132:5:spinand_read_boot0_one	120	static
spinand_boot.c:209:5:spinand_write_uboot_one_in_block	144	static
spinand_boot.c:302:5:spinand_write_uboot_one_in_many_block	176	static
spinand_boot.c:483:5:spinand_read_uboot_one_in_block	144	static
spinand_boot.c:569:5:spinand_read_uboot_one_in_many_block	152	static
spinand_boot.c:705:5:spinand_read_uboot_one	16	static
spinand_boot.c:726:5:spinand_get_param	0	static
spinand_boot.c:760:5:spinand_get_param_for_uboottail	0	static
spinand_boot.c:790:7:SPINAND_SetPhyArch_V3	0	static
spinand_boot.c:822:5:SPINAND_UpdatePhyArch	56	static
spinand_boot.c:851:5:spinand_erase_chip	24	static
spinand_boot.c:895:6:spinand_erase_special_block	0	static
spinand_boot.c:907:5:spinand_uboot_erase_all_chip	32	static
spinand_boot.c:950:5:spinand_dragonborad_test_one	104	static
spinand_boot.c:1025:5:spinand_physic_info_get_one_copy	136	static
spinand_boot.c:1130:5:spinand_add_len_to_uboot_tail	16	static
spinand_boot.c:457:5:spinand_write_uboot_one	32	static
