timer.c:260:13:timerX_callback_default	0	static
timer.c:265:6:timer0_func	8	static
timer.c:281:6:timer1_func	8	static
timer.c:35:5:timer_init	0	static
timer.c:54:6:timer_exit	0	static
timer.c:139:6:__udelay	20	static
timer.c:152:6:__usdelay	0	static
timer.c:165:6:__msdelay	0	static
timer.c:174:5:runtime_tick	20	static
timer.c:181:7:get_timer_masked	0	static
timer.c:191:7:get_timer	8	static
timer.c:201:20:get_ticks	0	static
timer.c:217:7:get_tbclk	0	static
timer.c:222:6:watchdog_disable	0	static
timer.c:230:6:watchdog_enable	8	static
timer.c:298:6:init_timer	0	static
timer.c:303:6:add_timer	24	static
timer.c:379:6:del_timer	16	static
