serial_ns16550.c:121:13:_serial_putc	16	static
serial_ns16550.c:186:1:eserial1_putc	0	static
serial_ns16550.c:191:1:eserial2_putc	0	static
serial_ns16550.c:196:1:eserial3_putc	0	static
serial_ns16550.c:201:1:eserial4_putc	0	static
serial_ns16550.c:129:13:_serial_puts	16	static
serial_ns16550.c:186:1:eserial1_puts	0	static
serial_ns16550.c:191:1:eserial2_puts	0	static
serial_ns16550.c:196:1:eserial3_puts	0	static
serial_ns16550.c:201:1:eserial4_puts	0	static
serial_ns16550.c:196:1:eserial3_tstc	0	static
serial_ns16550.c:201:1:eserial4_getc	8	static
serial_ns16550.c:146:13:_serial_setbrg	8	static
serial_ns16550.c:186:1:eserial1_setbrg	0	static
serial_ns16550.c:191:1:eserial2_setbrg	0	static
serial_ns16550.c:196:1:eserial3_setbrg	0	static
serial_ns16550.c:201:1:eserial4_setbrg	0	static
serial_ns16550.c:186:1:eserial1_init	8	static
serial_ns16550.c:191:1:eserial2_init	8	static
serial_ns16550.c:196:1:eserial3_init	8	static
serial_ns16550.c:201:1:eserial4_init	8	static
serial_ns16550.c:201:1:eserial4_tstc	0	static
serial_ns16550.c:186:1:eserial1_getc	8	static
serial_ns16550.c:186:1:eserial1_tstc	0	static
serial_ns16550.c:191:1:eserial2_getc	8	static
serial_ns16550.c:191:1:eserial2_tstc	0	static
serial_ns16550.c:196:1:eserial3_getc	8	static
serial_ns16550.c:216:30:default_serial_console	0	static
serial_ns16550.c:235:6:ns16550_serial_initialize	8	static
