build_phy_partition.c:129:5:block_erase	16	static
build_phy_partition.c:53:8:bitmap_change	16	static
build_phy_partition.c:91:5:page_read	40	static
build_phy_partition.c:110:5:page_write	40	static
build_phy_partition.c:77:6:wait_all_rb	8	static
build_phy_partition.c:146:5:BlockCheck	16	static
build_phy_partition.c:172:5:is_factory_bad_block	16	static
build_phy_partition.c:195:5:is_new_bad_block	16	static
build_phy_partition.c:218:5:add_new_bad_block	16	static
build_phy_partition.c:248:5:put_factory_bad_block	16	static
build_phy_partition.c:484:5:free_phy_partition	8	static
build_phy_partition.c:499:6:print_phy_partition	8	static
build_phy_partition.c:523:6:print_all_bad_block	24	static
build_phy_partition.c:283:29:build_phy_partition	40	static
build_phy_partition.c:554:29:get_next_phy_partition	0	static
build_phy_partition.c:566:20:get_disk_from_phy_partition	0	static
build_phy_partition.c:577:8:get_partitionNO	0	static
build_phy_partition.c:588:8:get_phy_partition_num	0	static
build_phy_partition.c:609:29:get_phy_partition_from_num	0	static
build_phy_partition.c:628:5:erase_phy_partition	32	static
build_phy_partition.c:666:5:erase_last_phy_partition	8	static
