fat.c:29:13:downcase	8	static
fat.c:44:12:disk_read	16	static
fat.c:453:13:mkcksum	8	static
fat_write.c:30:12:disk_write	16	static
fat_write.c:106:12:flush_dirty_fat_buffer	24	static
fat_write.c:365:12:set_fatent_value	32	static
fat.c:161:14:get_fatent	32	static
fat.c:763:19:next_dent	16	static
fat_write.c:557:12:find_empty_cluster	16	static
fat.c:120:13:get_name	24	static
fat.c:246:1:get_cluster	40	dynamic
fat_write.c:496:1:set_cluster	40	dynamic
fat.c:480:1:read_bootsectandvi	24	static
fat.c:661:12:fat_itr_root	128	static
fat_write.c:53:13:set_name	280	static
fat_write.c:747:12:check_overflow	32	static
fat.c:426:12:slot2str	12	static
fat.c:834:12:fat_itr_next	56	static
fat.c:907:12:fat_itr_resolve	40	static
fat_write.c:574:13:flush_dir_table.constprop	16	static
fat_write.c:902:12:do_fat_write	1112	static
fat.c:59:5:fat_set_blk_dev	24	dynamic
fat.c:88:5:fat_register_device	136	static
fat.c:962:5:file_fat_detectfs	120	static
fat.c:1027:5:fat_exists	56	static
fat.c:1047:5:fat_size	64	static
fat.c:1083:5:file_fat_read_at	112	static
fat.c:1111:5:file_fat_read	40	static
fat.c:1123:5:fat_read_file	48	static
fat.c:1142:5:fat_opendir	24	static
fat.c:1170:5:fat_readdir	16	static
fat.c:1193:6:fat_closedir	8	static
fat.c:1200:6:fat_close	0	static
fat_write.c:1076:5:file_fat_write	24	static
