sdmmc.c:45:5:sunxi_flash_mmc_probe	0	static
sdmmc.c:60:12:sunxi_flash_mmc_read	8	static
sdmmc.c:70:12:sunxi_flash_mmc_write	8	static
sdmmc.c:120:13:sunxi_flash_mmc_size	0	static
sdmmc.c:126:5:sunxi_flash_mmc_phyread	8	static
sdmmc.c:133:5:sunxi_flash_mmc_phywrite	8	static
sdmmc.c:179:12:sunxi_sprite_mmc_exit	0	static
sdmmc.c:184:12:sunxi_sprite_mmc_read	8	static
sdmmc.c:194:12:sunxi_sprite_mmc_write	8	static
sdmmc.c:214:13:sunxi_sprite_mmc_size	0	static
sdmmc.c:220:5:sunxi_sprite_mmc_phyread	8	static
sdmmc.c:227:5:sunxi_sprite_mmc_phywrite	8	static
sdmmc.c:145:5:sunxi_flash_mmc_phyerase	16	static
sdmmc.c:234:5:sunxi_sprite_mmc_phyerase	16	static
sdmmc.c:256:5:sunxi_sprite_mmc_force_erase	32	static
sdmmc.c:204:12:sunxi_sprite_mmc_erase	0	static
sdmmc.c:55:12:sunxi_flash_mmc_exit	0	static
sdmmc.c:283:12:sunxi_sprite_mmc_download_toc	24	static
sdmmc.c:81:1:sunxi_flash_mmc_download_spl	24	static
sdmmc.c:738:12:check_secure_storage_key	16	static
sdmmc.c:209:5:sunxi_sprite_mmc_flush	0	static
sdmmc.c:140:5:sunxi_flash_mmc_flush	0	static
sdmmc.c:101:1:sunxi_flash_mmc_download_toc	24	static
sdmmc.c:263:12:sunxi_sprite_mmc_download_spl	24	static
sdmmc.c:245:5:sunxi_sprite_mmc_phywipe	16	static
sdmmc.c:309:5:sunxi_flash_mmc_secread	16	static
sdmmc.c:340:5:sunxi_flash_mmc_secread_backup	16	static
sdmmc.c:373:5:sunxi_flash_mmc_secwrite	32	static
sdmmc.c:419:5:sunxi_sprite_mmc_secread	16	static
sdmmc.c:450:5:sunxi_sprite_mmc_secread_backup	16	static
sdmmc.c:523:5:mmc_secure_storage_read	40	static
sdmmc.c:483:5:sunxi_sprite_mmc_secwrite	32	static
sdmmc.c:531:5:mmc_secure_storage_write	16	static
sdmmc.c:601:5:sdmmc_init_for_boot	16	static
sdmmc.c:50:12:sunxi_flash_mmc_init	0	static
sdmmc.c:629:5:sdmmc_init_for_sprite	16	static
sdmmc.c:161:5:sunxi_sprite_mmc_probe	0	static
sdmmc.c:174:12:sunxi_sprite_mmc_init	0	static
sdmmc.c:682:5:sdmmc_init_card0_for_sprite	8	static
sdmmc.c:718:5:card_read_boot0	16	static
