net.c:349:13:net_clear_handlers	0	static
net.c:657:13:start_again_timeout_handler	0	static
net.c:721:13:dummy_handler	0	static
net.c:227:12:on_ipaddr	8	static
net.c:239:12:on_gatewayip	8	static
net.c:251:12:on_netmask	8	static
net.c:263:12:on_serverip	8	static
net.c:341:13:net_init_loop	0	static
net.c:317:6:net_auto_load	8	static
net.c:361:6:net_init	8	static
net.c:662:5:net_start_again	16	static
net.c:392:5:net_loop	56	static
net.c:727:11:net_get_udp_handler	0	static
net.c:732:6:net_set_udp_handler	0	static
net.c:741:11:net_get_arp_handler	0	static
net.c:746:6:net_set_arp_handler	0	static
net.c:762:6:net_set_timeout_handler	8	static
net.c:1027:6:net_process_received_packet	40	static
net.c:1367:1:net_eth_hdr_size	0	static
net.c:1379:5:net_set_ether	24	static
net.c:1404:5:net_update_ether	16	static
net.c:1427:6:net_set_ip_header	24	static
net.c:1448:6:net_set_udp_header	24	static
net.c:777:5:net_send_udp_packet	40	static
net.c:1472:6:copy_filename	0	static
net.c:207:12:on_bootfile	8	static
net.c:1498:6:ip_to_string	16	static
net.c:1509:6:vlan_to_string	0	static
net.c:1522:8:string_to_vlan	8	static
net.c:275:12:on_nvlan	8	static
net.c:287:12:on_vlan	8	static
net.c:1537:8:env_get_vlan	8	static
